Component: ARM Compiler 5.06 update 7 (build 960) Tool: armlink [4d3601]

==============================================================================

Section Cross References

    startup_stm32h750xx.o(RESET) refers to startup_stm32h750xx.o(STACK) for __initial_sp
    startup_stm32h750xx.o(RESET) refers to startup_stm32h750xx.o(.text) for Reset_Handler
    startup_stm32h750xx.o(RESET) refers to stm32h7xx_it.o(i.NMI_Handler) for NMI_Handler
    startup_stm32h750xx.o(RESET) refers to stm32h7xx_it.o(i.HardFault_Handler) for HardFault_Handler
    startup_stm32h750xx.o(RESET) refers to stm32h7xx_it.o(i.MemManage_Handler) for MemManage_Handler
    startup_stm32h750xx.o(RESET) refers to stm32h7xx_it.o(i.BusFault_Handler) for BusFault_Handler
    startup_stm32h750xx.o(RESET) refers to stm32h7xx_it.o(i.UsageFault_Handler) for UsageFault_Handler
    startup_stm32h750xx.o(RESET) refers to stm32h7xx_it.o(i.SVC_Handler) for SVC_Handler
    startup_stm32h750xx.o(RESET) refers to stm32h7xx_it.o(i.DebugMon_Handler) for DebugMon_Handler
    startup_stm32h750xx.o(RESET) refers to stm32h7xx_it.o(i.PendSV_Handler) for PendSV_Handler
    startup_stm32h750xx.o(RESET) refers to stm32h7xx_it.o(i.SysTick_Handler) for SysTick_Handler
    startup_stm32h750xx.o(RESET) refers to stm32h7xx_it.o(i.FDCAN1_IT0_IRQHandler) for FDCAN1_IT0_IRQHandler
    startup_stm32h750xx.o(RESET) refers to stm32h7xx_it.o(i.FDCAN1_IT1_IRQHandler) for FDCAN1_IT1_IRQHandler
    startup_stm32h750xx.o(RESET) refers to stm32h7xx_it.o(i.USART2_IRQHandler) for USART2_IRQHandler
    startup_stm32h750xx.o(RESET) refers to stm32h7xx_it.o(i.TIM6_DAC_IRQHandler) for TIM6_DAC_IRQHandler
    startup_stm32h750xx.o(.text) refers to system_stm32h7xx.o(i.SystemInit) for SystemInit
    startup_stm32h750xx.o(.text) refers to entry.o(.ARM.Collect$$$$00000000) for __main
    main.o(i.Error_Handler) refers to stm32h7xx_hal_gpio.o(i.HAL_GPIO_WritePin) for HAL_GPIO_WritePin
    main.o(i.Error_Handler) refers to stm32h7xx_hal.o(i.HAL_Delay) for HAL_Delay
    main.o(i.HAL_FDCAN_RxFifo0Callback) refers to stm32h7xx_hal_fdcan.o(i.HAL_FDCAN_GetRxMessage) for HAL_FDCAN_GetRxMessage
    main.o(i.HAL_FDCAN_RxFifo0Callback) refers to main.o(i.Error_Handler) for Error_Handler
    main.o(i.HAL_FDCAN_RxFifo0Callback) refers to main.o(.data) for .data
    main.o(i.HAL_FDCAN_RxFifo0Callback) refers to main.o(.bss) for .bss
    main.o(i.HAL_TIM_PeriodElapsedCallback) refers to main.o(.data) for .data
    main.o(i.HAL_UART_RxCpltCallback) refers to stm32h7xx_hal_msp.o(i.RS485_Dir_Transmit) for RS485_Dir_Transmit
    main.o(i.HAL_UART_RxCpltCallback) refers to stm32h7xx_hal_uart.o(i.HAL_UART_Transmit) for HAL_UART_Transmit
    main.o(i.HAL_UART_RxCpltCallback) refers to stm32h7xx_hal_msp.o(i.RS485_Dir_Receive) for RS485_Dir_Receive
    main.o(i.HAL_UART_RxCpltCallback) refers to stm32h7xx_hal_uart.o(i.HAL_UART_Receive_IT) for HAL_UART_Receive_IT
    main.o(i.HAL_UART_RxCpltCallback) refers to main.o(.bss) for .bss
    main.o(i.HAL_UART_RxCpltCallback) refers to usart.o(.bss) for huart2
    main.o(i.PeriphCommonClock_Config) refers to memseta.o(.text) for __aeabi_memclr4
    main.o(i.PeriphCommonClock_Config) refers to stm32h7xx_hal_rcc_ex.o(i.HAL_RCCEx_PeriphCLKConfig) for HAL_RCCEx_PeriphCLKConfig
    main.o(i.PeriphCommonClock_Config) refers to main.o(i.Error_Handler) for Error_Handler
    main.o(i.SystemClock_Config) refers to memseta.o(.text) for __aeabi_memclr4
    main.o(i.SystemClock_Config) refers to stm32h7xx_hal_pwr_ex.o(i.HAL_PWREx_ConfigSupply) for HAL_PWREx_ConfigSupply
    main.o(i.SystemClock_Config) refers to stm32h7xx_hal_rcc.o(i.HAL_RCC_OscConfig) for HAL_RCC_OscConfig
    main.o(i.SystemClock_Config) refers to stm32h7xx_hal_rcc.o(i.HAL_RCC_ClockConfig) for HAL_RCC_ClockConfig
    main.o(i.SystemClock_Config) refers to main.o(i.Error_Handler) for Error_Handler
    main.o(i.getTime_ms) refers to main.o(.data) for .data
    main.o(i.main) refers to stm32h7xx_hal_cortex.o(i.HAL_MPU_Disable) for HAL_MPU_Disable
    main.o(i.main) refers to stm32h7xx_hal_cortex.o(i.HAL_MPU_ConfigRegion) for HAL_MPU_ConfigRegion
    main.o(i.main) refers to stm32h7xx_hal_cortex.o(i.HAL_MPU_Enable) for HAL_MPU_Enable
    main.o(i.main) refers to stm32h7xx_hal.o(i.HAL_Init) for HAL_Init
    main.o(i.main) refers to main.o(i.SystemClock_Config) for SystemClock_Config
    main.o(i.main) refers to main.o(i.PeriphCommonClock_Config) for PeriphCommonClock_Config
    main.o(i.main) refers to gpio.o(i.MX_GPIO_Init) for MX_GPIO_Init
    main.o(i.main) refers to tim.o(i.MX_TIM1_Init) for MX_TIM1_Init
    main.o(i.main) refers to tim.o(i.MX_TIM6_Init) for MX_TIM6_Init
    main.o(i.main) refers to usart.o(i.MX_USART2_UART_Init) for MX_USART2_UART_Init
    main.o(i.main) refers to spi.o(i.MX_SPI1_Init) for MX_SPI1_Init
    main.o(i.main) refers to spi.o(i.MX_SPI2_Init) for MX_SPI2_Init
    main.o(i.main) refers to fdcan.o(i.MX_FDCAN1_Init) for MX_FDCAN1_Init
[...]
    i.HAL_TIM_IC_CaptureCallback             0x08003d24   Section        0  stm32h7xx_hal_tim.o(i.HAL_TIM_IC_CaptureCallback)
    i.HAL_TIM_IRQHandler                     0x08003d26   Section        0  stm32h7xx_hal_tim.o(i.HAL_TIM_IRQHandler)
    i.HAL_TIM_MspPostInit                    0x08003ea8   Section        0  tim.o(i.HAL_TIM_MspPostInit)
    i.HAL_TIM_OC_DelayElapsedCallback        0x08003ef8   Section        0  stm32h7xx_hal_tim.o(i.HAL_TIM_OC_DelayElapsedCallback)
    i.HAL_TIM_PWM_ConfigChannel              0x08003efa   Section        0  stm32h7xx_hal_tim.o(i.HAL_TIM_PWM_ConfigChannel)
    i.HAL_TIM_PWM_Init                       0x0800401e   Section        0  stm32h7xx_hal_tim.o(i.HAL_TIM_PWM_Init)
    i.HAL_TIM_PWM_MspInit                    0x08004080   Section        0  stm32h7xx_hal_tim.o(i.HAL_TIM_PWM_MspInit)
    i.HAL_TIM_PWM_PulseFinishedCallback      0x08004082   Section        0  stm32h7xx_hal_tim.o(i.HAL_TIM_PWM_PulseFinishedCallback)
    i.HAL_TIM_PWM_Start                      0x08004084   Section        0  stm32h7xx_hal_tim.o(i.HAL_TIM_PWM_Start)
    i.HAL_TIM_PeriodElapsedCallback          0x08004194   Section        0  main.o(i.HAL_TIM_PeriodElapsedCallback)
    i.HAL_TIM_TriggerCallback                0x080041b0   Section        0  stm32h7xx_hal_tim.o(i.HAL_TIM_TriggerCallback)
    i.HAL_UARTEx_DisableFifoMode             0x080041b2   Section        0  stm32h7xx_hal_uart_ex.o(i.HAL_UARTEx_DisableFifoMode)
    i.HAL_UARTEx_RxEventCallback             0x080041f2   Section        0  stm32h7xx_hal_uart.o(i.HAL_UARTEx_RxEventCallback)
    i.HAL_UARTEx_RxFifoFullCallback          0x080041f4   Section        0  stm32h7xx_hal_uart_ex.o(i.HAL_UARTEx_RxFifoFullCallback)
    i.HAL_UARTEx_SetRxFifoThreshold          0x080041f6   Section        0  stm32h7xx_hal_uart_ex.o(i.HAL_UARTEx_SetRxFifoThreshold)
    i.HAL_UARTEx_SetTxFifoThreshold          0x08004242   Section        0  stm32h7xx_hal_uart_ex.o(i.HAL_UARTEx_SetTxFifoThreshold)
    i.HAL_UARTEx_TxFifoEmptyCallback         0x0800428e   Section        0  stm32h7xx_hal_uart_ex.o(i.HAL_UARTEx_TxFifoEmptyCallback)
    i.HAL_UARTEx_WakeupCallback              0x08004290   Section        0  stm32h7xx_hal_uart_ex.o(i.HAL_UARTEx_WakeupCallback)
    i.HAL_UART_ErrorCallback                 0x08004292   Section        0  stm32h7xx_hal_uart.o(i.HAL_UART_ErrorCallback)
    i.HAL_UART_IRQHandler                    0x08004294   Section        0  stm32h7xx_hal_uart.o(i.HAL_UART_IRQHandler)
    i.HAL_UART_Init                          0x0800461c   Section        0  stm32h7xx_hal_uart.o(i.HAL_UART_Init)
    i.HAL_UART_MspInit                       0x08004688   Section        0  usart.o(i.HAL_UART_MspInit)
    i.HAL_UART_Transmit                      0x0800471c   Section        0  stm32h7xx_hal_uart.o(i.HAL_UART_Transmit)
    i.HAL_UART_TxCpltCallback                0x080047cc   Section        0  stm32h7xx_hal_uart.o(i.HAL_UART_TxCpltCallback)
    i.HardFault_Handler                      0x080047ce   Section        0  stm32h7xx_it.o(i.HardFault_Handler)
    i.MT6701_Get_Angle                       0x080047d0   Section        0  mt6701.o(i.MT6701_Get_Angle)
    i.MX_FDCAN1_Init                         0x08004800   Section        0  fdcan.o(i.MX_FDCAN1_Init)
    i.MX_GPIO_Init                           0x08004868   Section        0  gpio.o(i.MX_GPIO_Init)
    i.MX_SPI1_Init                           0x08004948   Section        0  spi.o(i.MX_SPI1_Init)
    i.MX_SPI2_Init                           0x080049a8   Section        0  spi.o(i.MX_SPI2_Init)
    i.MX_TIM1_Init                           0x08004a08   Section        0  tim.o(i.MX_TIM1_Init)
    i.MX_TIM6_Init                           0x08004afc   Section        0  tim.o(i.MX_TIM6_Init)
    i.MX_USART2_UART_Init                    0x08004b44   Section        0  usart.o(i.MX_USART2_UART_Init)
    i.MemManage_Handler                      0x08004bac   Section        0  stm32h7xx_it.o(i.MemManage_Handler)
    i.NMI_Handler                            0x08004bae   Section        0  stm32h7xx_it.o(i.NMI_Handler)
    i.PendSV_Handler                         0x08004bb0   Section        0  stm32h7xx_it.o(i.PendSV_Handler)
    i.PeriphCommonClock_Config               0x08004bb2   Section        0  main.o(i.PeriphCommonClock_Config)
    i.RCCEx_PLL2_Config                      0x08004bdc   Section        0  stm32h7xx_hal_rcc_ex.o(i.RCCEx_PLL2_Config)
    RCCEx_PLL2_Config                        0x08004bdd   Thumb Code   284  stm32h7xx_hal_rcc_ex.o(i.RCCEx_PLL2_Config)
    i.RCCEx_PLL3_Config                      0x08004cfc   Section        0  stm32h7xx_hal_rcc_ex.o(i.RCCEx_PLL3_Config)
    RCCEx_PLL3_Config                        0x08004cfd   Thumb Code   284  stm32h7xx_hal_rcc_ex.o(i.RCCEx_PLL3_Config)
    i.RS485_Dir_Receive                      0x08004e1c   Section        0  stm32h7xx_hal_msp.o(i.RS485_Dir_Receive)
    i.RS485_Dir_Transmit                     0x08004e2c   Section        0  stm32h7xx_hal_msp.o(i.RS485_Dir_Transmit)
    i.SPI_CloseTransfer                      0x08004e3c   Section        0  stm32h7xx_hal_spi.o(i.SPI_CloseTransfer)
    SPI_CloseTransfer                        0x08004e3d   Thumb Code   188  stm32h7xx_hal_spi.o(i.SPI_CloseTransfer)
    i.SVC_Handler                            0x08004ef8   Section        0  stm32h7xx_it.o(i.SVC_Handler)
    i.SysTick_Handler                        0x08004efa   Section        0  stm32h7xx_it.o(i.SysTick_Handler)
    i.SystemClock_Config                     0x08004f00   Section        0  main.o(i.SystemClock_Config)
    i.SystemCoreClockUpdate                  0x08004fdc   Section        0  system_stm32h7xx.o(i.SystemCoreClockUpdate)
    i.SystemInit                             0x0800511c   Section        0  system_stm32h7xx.o(i.SystemInit)
    i.TIM6_DAC_IRQHandler                    0x080051f8   Section        0  stm32h7xx_it.o(i.TIM6_DAC_IRQHandler)
    i.TIM_Base_SetConfig                     0x08005204   Section        0  stm32h7xx_hal_tim.o(i.TIM_Base_SetConfig)
    i.TIM_CCxChannelCmd                      0x080052c8   Section        0  stm32h7xx_hal_tim.o(i.TIM_CCxChannelCmd)
    i.TIM_ETR_SetConfig                      0x080052e2   Section        0  stm32h7xx_hal_tim.o(i.TIM_ETR_SetConfig)
    i.TIM_ITRx_SetConfig                     0x080052f4   Section        0  stm32h7xx_hal_tim.o(i.TIM_ITRx_SetConfig)
    TIM_ITRx_SetConfig                       0x080052f5   Thumb Code    16  stm32h7xx_hal_tim.o(i.TIM_ITRx_SetConfig)
    i.TIM_OC1_SetConfig                      0x08005308   Section        0  stm32h7xx_hal_tim.o(i.TIM_OC1_SetConfig)
    TIM_OC1_SetConfig                        0x08005309   Thumb Code   142  stm32h7xx_hal_tim.o(i.TIM_OC1_SetConfig)
    i.TIM_OC2_SetConfig                      0x080053b0   Section        0  stm32h7xx_hal_tim.o(i.TIM_OC2_SetConfig)
    i.TIM_OC3_SetConfig                      0x08005448   Section        0  stm32h7xx_hal_tim.o(i.TIM_OC3_SetConfig)
    TIM_OC3_SetConfig                        0x08005449   Thumb Code   126  stm32h7xx_hal_tim.o(i.TIM_OC3_SetConfig)
    i.TIM_OC4_SetConfig                      0x080054e0   Section        0  stm32h7xx_hal_tim.o(i.TIM_OC4_SetConfig)
    TIM_OC4_SetConfig                        0x080054e1   Thumb Code    94  stm32h7xx_hal_tim.o(i.TIM_OC4_SetConfig)
    i.TIM_OC5_SetConfig                      0x08005558   Section        0  stm32h7xx_hal_tim.o(i.TIM_OC5_SetConfig)
    TIM_OC5_SetConfig                        0x08005559   Thumb Code    92  stm32h7xx_hal_tim.o(i.TIM_OC5_SetConfig)
    i.TIM_OC6_SetConfig                      0x080055cc   Section        0  stm32h7xx_hal_tim.o(i.TIM_OC6_SetConfig)
    TIM_OC6_SetConfig                        0x080055cd   Thumb Code    92  stm32h7xx_hal_tim.o(i.TIM_OC6_SetConfig)
    i.TIM_TI1_ConfigInputStage               0x08005640   Section        0  stm32h7xx_hal_tim.o(i.TIM_TI1_ConfigInputStage)
    TIM_TI1_ConfigInputStage                 0x08005641   Thumb Code    34  stm32h7xx_hal_tim.o(i.TIM_TI1_ConfigInputStage)
    i.TIM_TI2_ConfigInputStage               0x08005662   Section        0  stm32h7xx_hal_tim.o(i.TIM_TI2_ConfigInputStage)
    TIM_TI2_ConfigInputStage                 0x08005663   Thumb Code    36  stm32h7xx_hal_tim.o(i.TIM_TI2_ConfigInputStage)
    i.Torque_Read                            0x08005688   Section        0  mt6701.o(i.Torque_Read)
    i.UARTEx_SetNbDataToProcess              0x080056c8   Section        0  stm32h7xx_hal_uart_ex.o(i.UARTEx_SetNbDataToProcess)
    UARTEx_SetNbDataToProcess                0x080056c9   Thumb Code    62  stm32h7xx_hal_uart_ex.o(i.UARTEx_SetNbDataToProcess)
    i.UART_AdvFeatureConfig                  0x0800570c   Section        0  stm32h7xx_hal_uart.o(i.UART_AdvFeatureConfig)
    i.UART_CheckIdleState                    0x080057d4   Section        0  stm32h7xx_hal_uart.o(i.UART_CheckIdleState)
    i.UART_DMAAbortOnError                   0x0800587e   Section        0  stm32h7xx_hal_uart.o(i.UART_DMAAbortOnError)
    UART_DMAAbortOnError                     0x0800587f   Thumb Code    20  stm32h7xx_hal_uart.o(i.UART_DMAAbortOnError)
    i.UART_EndRxTransfer                     0x08005894   Section        0  stm32h7xx_hal_uart.o(i.UART_EndRxTransfer)
    UART_EndRxTransfer                       0x08005895   Thumb Code    78  stm32h7xx_hal_uart.o(i.UART_EndRxTransfer)
    i.UART_SetConfig                         0x080058e8   Section        0  stm32h7xx_hal_uart.o(i.UART_SetConfig)
    i.UART_WaitOnFlagUntilTimeout            0x08005c94   Section        0  stm32h7xx_hal_uart.o(i.UART_WaitOnFlagUntilTimeout)
    i.USART2_IRQHandler                      0x08005d20   Section        0  stm32h7xx_it.o(i.USART2_IRQHandler)
    i.UsageFault_Handler                     0x08005d2c   Section        0  stm32h7xx_it.o(i.UsageFault_Handler)
    i.__0printf                              0x08005d30   Section        0  printfa.o(i.__0printf)
    i.__ARM_fpclassify                       0x08005d50   Section        0  fpclassify.o(i.__ARM_fpclassify)
    i.__NVIC_SetPriority                     0x08005d80   Section        0  stm32h7xx_hal_cortex.o(i.__NVIC_SetPriority)
    __NVIC_SetPriority                       0x08005d81   Thumb Code    34  stm32h7xx_hal_cortex.o(i.__NVIC_SetPriority)
    i.__hardfp_cos                           0x08005da8   Section        0  cos.o(i.__hardfp_cos)
    i.__hardfp_fmod                          0x08005e58   Section        0  fmod.o(i.__hardfp_fmod)
    i.__hardfp_sin                           0x08005f58   Section        0  sin.o(i.__hardfp_sin)
    i.__hardfp_sqrt                          0x08006008   Section        0  sqrt.o(i.__hardfp_sqrt)
    i.__ieee754_rem_pio2                     0x08006070   Section        0  rred.o(i.__ieee754_rem_pio2)
    i.__kernel_cos                           0x08006380   Section        0  cos_i.o(i.__kernel_cos)
    i.__kernel_poly                          0x08006460   Section        0  poly.o(i.__kernel_poly)
    i.__kernel_sin                           0x080064d0   Section        0  sin_i.o(i.__kernel_sin)
    i.__mathlib_dbl_invalid                  0x08006578   Section        0  dunder.o(i.__mathlib_dbl_invalid)
    i.__mathlib_dbl_underflow                0x08006590   Section        0  dunder.o(i.__mathlib_dbl_underflow)
    i.__scatterload_copy                     0x080065a8   Section       14  handlers.o(i.__scatterload_copy)
    i.__scatterload_null                     0x080065b6   Section        2  handlers.o(i.__scatterload_null)
    i.__scatterload_zeroinit                 0x080065b8   Section       14  handlers.o(i.__scatterload_zeroinit)
    i.__set_errno                            0x080065c8   Section        0  errno.o(i.__set_errno)
    i._fp_digits                             0x080065d4   Section        0  printfa.o(i._fp_digits)
    _fp_digits                               0x080065d5   Thumb Code   366  printfa.o(i._fp_digits)
    i._printf_core                           0x08006758   Section        0  printfa.o(i._printf_core)
    _printf_core                             0x08006759   Thumb Code  1704  printfa.o(i._printf_core)
    i._printf_post_padding                   0x08006e0c   Section        0  printfa.o(i._printf_post_padding)
    _printf_post_padding                     0x08006e0d   Thumb Code    36  printfa.o(i._printf_post_padding)
    i._printf_pre_padding                    0x08006e30   Section        0  printfa.o(i._printf_pre_padding)
    _printf_pre_padding                      0x08006e31   Thumb Code    46  printfa.o(i._printf_pre_padding)
    i.electricalAngle                        0x08006e60   Section        0  foc.o(i.electricalAngle)
    i.fabs                                   0x08006e7c   Section        0  fabs.o(i.fabs)
    i.fputc                                  0x08006e94   Section        0  stm32h7xx_hal_msp.o(i.fputc)
    i.main                                   0x08006ec4   Section        0  main.o(i.main)
    i.normalizeAngle                         0x08006fbc   Section        0  mt6701.o(i.normalizeAngle)
    i.setPwm                                 0x08006ff0   Section        0  foc.o(i.setPwm)
    i.setTorque                              0x08007110   Section        0  foc.o(i.setTorque)
    .constdata                               0x08007218   Section       92  stm32h7xx_hal_fdcan.o(.constdata)
    DLCtoBytes                               0x08007218   Data          16  stm32h7xx_hal_fdcan.o(.constdata)
    .constdata                               0x08007274   Section       24  stm32h7xx_hal_uart.o(.constdata)
    .constdata                               0x0800728c   Section       16  stm32h7xx_hal_uart_ex.o(.constdata)
    numerator                                0x0800728c   Data           8  stm32h7xx_hal_uart_ex.o(.constdata)
    denominator                              0x08007294   Data           8  stm32h7xx_hal_uart_ex.o(.constdata)
    .constdata                               0x0800729c   Section       16  system_stm32h7xx.o(.constdata)
    .constdata                               0x080072b0   Section       48  cos_i.o(.constdata)
    C                                        0x080072b0   Data          48  cos_i.o(.constdata)
    .constdata                               0x080072e0   Section      200  rred.o(.constdata)
    pio2s                                    0x080072e0   Data          48  rred.o(.constdata)
    twooverpi                                0x08007310   Data         152  rred.o(.constdata)
    .constdata                               0x080073a8   Section       40  sin_i.o(.constdata)
    S                                        0x080073a8   Data          40  sin_i.o(.constdata)
    .data                                    0x24000000   Section       24  main.o(.data)
    .data                                    0x24000018   Section       12  stm32h7xx_hal.o(.data)
    .data                                    0x24000024   Section        8  system_stm32h7xx.o(.data)
    .data                                    0x2400002c   Section       56  foc.o(.data)
    .data                                    0x24000064   Section       16  mt6701.o(.data)
    .data                                    0x24000074   Section        4  stdout.o(.data)
    .data                                    0x24000078   Section        4  errno.o(.data)
    _errno                                   0x24000078   Data           4  errno.o(.data)
    .bss                                     0x2400007c   Section      104  main.o(.bss)
    .bss                                     0x240000e4   Section       36  main.o(.bss)
    .bss                                     0x24000108   Section      160  fdcan.o(.bss)
    .bss                                     0x240001a8   Section      272  spi.o(.bss)
    .bss                                     0x240002b8   Section      152  tim.o(.bss)
    .bss                                     0x24000350   Section      148  usart.o(.bss)
    STACK                                    0x240003e8   Section     1024  startup_stm32h750xx.o(STACK)

    Global Symbols

    Symbol Name                              Value     Ov Type        Size  Object(Section)

    BuildAttributes$$THM_ISAv4$E$P$D$K$B$S$7EM$VFPv5_D16$PE$PLD8$A:L22UL41UL21$X:L11$S22US41US21$IEEE1$IW$USESV6$~STKCKD$USESV7$~SHL$OTIME$ROPI$IEEEX$EBA8$MICROLIB$REQ8$PRES8$EABIv2 0x00000000   Number         0  anon$$obj.o ABSOLUTE
    __ARM_use_no_argv                        0x00000000   Number         0  main.o ABSOLUTE
    _printf_a                                0x00000000   Number         0  stubs.o ABSOLUTE
    _printf_c                                0x00000000   Number         0  stubs.o ABSOLUTE
    _printf_charcount                        0x00000000   Number         0  stubs.o ABSOLUTE
    _printf_d                                0x00000000   Number         0  stubs.o ABSOLUTE
    _printf_e                                0x00000000   Number         0  stubs.o ABSOLUTE
    _printf_f                                0x00000000   Number         0  stubs.o ABSOLUTE
    _printf_flags                            0x00000000   Number         0  stubs.o ABSOLUTE
    _printf_fp_dec                           0x00000000   Number         0  stubs.o ABSOLUTE
    _printf_fp_hex                           0x00000000   Number         0  stubs.o ABSOLUTE
    _printf_g                                0x00000000   Number         0  stubs.o ABSOLUTE
    _printf_i                                0x00000000   Number         0  stubs.o ABSOLUTE
    _printf_int_dec                          0x00000000   Number         0  stubs.o ABSOLUTE
    _printf_l                                0x00000000   Number         0  stubs.o ABSOLUTE
    _printf_lc                               0x00000000   Number         0  stubs.o ABSOLUTE
    _printf_ll                               0x00000000   Number         0  stubs.o ABSOLUTE
    _printf_lld                              0x00000000   Number         0  stubs.o ABSOLUTE
    _printf_lli                              0x00000000   Number         0  stubs.o ABSOLUTE
    _printf_llo                              0x00000000   Number         0  stubs.o ABSOLUTE
    _printf_llu                              0x00000000   Number         0  stubs.o ABSOLUTE
    _printf_llx                              0x00000000   Number         0  stubs.o ABSOLUTE
    _printf_longlong_dec                     0x00000000   Number         0  stubs.o ABSOLUTE
    _printf_longlong_hex                     0x00000000   Number         0  stubs.o ABSOLUTE
    _printf_longlong_oct                     0x00000000   Number         0  stubs.o ABSOLUTE
    _printf_ls                               0x00000000   Number         0  stubs.o ABSOLUTE
    _printf_mbtowc                           0x00000000   Number         0  stubs.o ABSOLUTE
    _printf_n                                0x00000000   Number         0  stubs.o ABSOLUTE
    _printf_o                                0x00000000   Number         0  stubs.o ABSOLUTE
    _printf_p                                0x00000000   Number         0  stubs.o ABSOLUTE
    _printf_percent                          0x00000000   Number         0  stubs.o ABSOLUTE
    _printf_pre_padding                      0x00000000   Number         0  stubs.o ABSOLUTE
    _printf_return_value                     0x00000000   Number         0  stubs.o ABSOLUTE
    _printf_s                                0x00000000   Number         0  stubs.o ABSOLUTE
    _printf_sizespec                         0x00000000   Number         0  stubs.o ABSOLUTE
    _printf_str                              0x00000000   Number         0  stubs.o ABSOLUTE
    _printf_truncate_signed                  0x00000000   Number         0  stubs.o ABSOLUTE
    _printf_truncate_unsigned                0x00000000   Number         0  stubs.o ABSOLUTE
    _printf_u                                0x00000000   Number         0  stubs.o ABSOLUTE
    _printf_wc                               0x00000000   Number         0  stubs.o ABSOLUTE
    _printf_wctomb                           0x00000000   Number         0  stubs.o ABSOLUTE
    _printf_widthprec                        0x00000000   Number         0  stubs.o ABSOLUTE
    _printf_x                                0x00000000   Number         0  stubs.o ABSOLUTE
    __arm_fini_                               - Undefined Weak Reference
    __cpp_initialize__aeabi_                  - Undefined Weak Reference
    __cxa_finalize                            - Undefined Weak Reference
    __decompress                              - Undefined Weak Reference
    _clock_init                               - Undefined Weak Reference
    _microlib_exit                            - Undefined Weak Reference
    __Vectors_Size                           0x00000298   Number         0  startup_stm32h750xx.o ABSOLUTE
    __Vectors                                0x08000000   Data           4  startup_stm32h750xx.o(RESET)
    __Vectors_End                            0x08000298   Data           0  startup_stm32h750xx.o(RESET)
    __main                                   0x08000299   Thumb Code     0  entry.o(.ARM.Collect$$$$00000000)
    _main_stk                                0x08000299   Thumb Code     0  entry2.o(.ARM.Collect$$$$00000001)
    _main_scatterload                        0x0800029d   Thumb Code     0  entry5.o(.ARM.Collect$$$$00000004)
    __main_after_scatterload                 0x080002a1   Thumb Code     0  entry5.o(.ARM.Collect$$$$00000004)
    _main_clock                              0x080002a1   Thumb Code     0  entry7b.o(.ARM.Collect$$$$00000008)
    _main_cpp_init                           0x080002a1   Thumb Code     0  entry8b.o(.ARM.Collect$$$$0000000A)
    _main_init                               0x080002a1   Thumb Code     0  entry9a.o(.ARM.Collect$$$$0000000B)
    __rt_lib_shutdown_fini                   0x080002a9   Thumb Code     0  entry12b.o(.ARM.Collect$$$$0000000E)
    __rt_final_cpp                           0x080002ad   Thumb Code     0  entry10a.o(.ARM.Collect$$$$0000000F)
    __rt_final_exit                          0x080002ad   Thumb Code     0  entry11a.o(.ARM.Collect$$$$00000011)
    Reset_Handler                            0x080002b1   Thumb Code     8  startup_stm32h750xx.o(.text)
    ADC3_IRQHandler                          0x080002cb   Thumb Code     0  startup_stm32h750xx.o(.text)
    ADC_IRQHandler                           0x080002cb   Thumb Code     0  startup_stm32h750xx.o(.text)
    BDMA_Channel0_IRQHandler                 0x080002cb   Thumb Code     0  startup_stm32h750xx.o(.text)
    BDMA_Channel1_IRQHandler                 0x080002cb   Thumb Code     0  startup_stm32h750xx.o(.text)
    BDMA_Channel2_IRQHandler                 0x080002cb   Thumb Code     0  startup_stm32h750xx.o(.text)
    BDMA_Channel3_IRQHandler                 0x080002cb   Thumb Code     0  startup_stm32h750xx.o(.text)
    BDMA_Channel4_IRQHandler                 0x080002cb   Thumb Code     0  startup_stm32h750xx.o(.text)
    BDMA_Channel5_IRQHandler                 0x080002cb   Thumb Code     0  startup_stm32h750xx.o(.text)
    BDMA_Channel6_IRQHandler                 0x080002cb   Thumb Code     0  startup_stm32h750xx.o(.text)
    BDMA_Channel7_IRQHandler                 0x080002cb   Thumb Code     0  startup_stm32h750xx.o(.text)
    CEC_IRQHandler                           0x080002cb   Thumb Code     0  startup_stm32h750xx.o(.text)
    COMP1_IRQHandler                         0x080002cb   Thumb Code     0  startup_stm32h750xx.o(.text)
    CRS_IRQHandler                           0x080002cb   Thumb Code     0  startup_stm32h750xx.o(.text)
    CRYP_IRQHandler                          0x080002cb   Thumb Code     0  startup_stm32h750xx.o(.text)
    DCMI_IRQHandler                          0x080002cb   Thumb Code     0  startup_stm32h750xx.o(.text)
    DFSDM1_FLT0_IRQHandler                   0x080002cb   Thumb Code     0  startup_stm32h750xx.o(.text)
    DFSDM1_FLT1_IRQHandler                   0x080002cb   Thumb Code     0  startup_stm32h750xx.o(.text)
    DFSDM1_FLT2_IRQHandler                   0x080002cb   Thumb Code     0  startup_stm32h750xx.o(.text)
    DFSDM1_FLT3_IRQHandler                   0x080002cb   Thumb Code     0  startup_stm32h750xx.o(.text)
    DMA1_Stream0_IRQHandler                  0x080002cb   Thumb Code     0  startup_stm32h750xx.o(.text)
    DMA1_Stream1_IRQHandler                  0x080002cb   Thumb Code     0  startup_stm32h750xx.o(.text)
    DMA1_Stream2_IRQHandler                  0x080002cb   Thumb Code     0  startup_stm32h750xx.o(.text)
    DMA1_Stream3_IRQHandler                  0x080002cb   Thumb Code     0  startup_stm32h750xx.o(.text)
    DMA1_Stream4_IRQHandler                  0x080002cb   Thumb Code     0  startup_stm32h750xx.o(.text)
    DMA1_Stream5_IRQHandler                  0x080002cb   Thumb Code     0  startup_stm32h750xx.o(.text)
    DMA1_Stream6_IRQHandler                  0x080002cb   Thumb Code     0  startup_stm32h750xx.o(.text)
    DMA1_Stream7_IRQHandler                  0x080002cb   Thumb Code     0  startup_stm32h750xx.o(.text)
    DMA2D_IRQHandler                         0x080002cb   Thumb Code     0  startup_stm32h750xx.o(.text)
    DMA2_Stream0_IRQHandler                  0x080002cb   Thumb Code     0  startup_stm32h750xx.o(.text)
    DMA2_Stream1_IRQHandler                  0x080002cb   Thumb Code     0  startup_stm32h750xx.o(.text)
    DMA2_Stream2_IRQHandler                  0x080002cb   Thumb Code     0  startup_stm32h750xx.o(.text)
    DMA2_Stream3_IRQHandler                  0x080002cb   Thumb Code     0  startup_stm32h750xx.o(.text)
    DMA2_Stream4_IRQHandler                  0x080002cb   Thumb Code     0  startup_stm32h750xx.o(.text)
    DMA2_Stream5_IRQHandler                  0x080002cb   Thumb Code     0  startup_stm32h750xx.o(.text)
    DMA2_Stream6_IRQHandler                  0x080002cb   Thumb Code     0  startup_stm32h750xx.o(.text)
    DMA2_Stream7_IRQHandler                  0x080002cb   Thumb Code     0  startup_stm32h750xx.o(.text)
    DMAMUX1_OVR_IRQHandler                   0x080002cb   Thumb Code     0  startup_stm32h750xx.o(.text)
    DMAMUX2_OVR_IRQHandler                   0x080002cb   Thumb Code     0  startup_stm32h750xx.o(.text)
    ECC_IRQHandler                           0x080002cb   Thumb Code     0  startup_stm32h750xx.o(.text)
    ETH_IRQHandler                           0x080002cb   Thumb Code     0  startup_stm32h750xx.o(.text)
    ETH_WKUP_IRQHandler                      0x080002cb   Thumb Code     0  startup_stm32h750xx.o(.text)
    EXTI0_IRQHandler                         0x080002cb   Thumb Code     0  startup_stm32h750xx.o(.text)
    EXTI15_10_IRQHandler                     0x080002cb   Thumb Code     0  startup_stm32h750xx.o(.text)
    EXTI1_IRQHandler                         0x080002cb   Thumb Code     0  startup_stm32h750xx.o(.text)
    EXTI2_IRQHandler                         0x080002cb   Thumb Code     0  startup_stm32h750xx.o(.text)
    EXTI3_IRQHandler                         0x080002cb   Thumb Code     0  startup_stm32h750xx.o(.text)
    EXTI4_IRQHandler                         0x080002cb   Thumb Code     0  startup_stm32h750xx.o(.text)
    EXTI9_5_IRQHandler                       0x080002cb   Thumb Code     0  startup_stm32h750xx.o(.text)
    FDCAN2_IT0_IRQHandler                    0x080002cb   Thumb Code     0  startup_stm32h750xx.o(.text)
    FDCAN2_IT1_IRQHandler                    0x080002cb   Thumb Code     0  startup_stm32h750xx.o(.text)
    FDCAN_CAL_IRQHandler                     0x080002cb   Thumb Code     0  startup_stm32h750xx.o(.text)
    FLASH_IRQHandler                         0x080002cb   Thumb Code     0  startup_stm32h750xx.o(.text)
    FMC_IRQHandler                           0x080002cb   Thumb Code     0  startup_stm32h750xx.o(.text)
    FPU_IRQHandler                           0x080002cb   Thumb Code     0  startup_stm32h750xx.o(.text)
    HASH_RNG_IRQHandler                      0x080002cb   Thumb Code     0  startup_stm32h750xx.o(.text)
    HRTIM1_FLT_IRQHandler                    0x080002cb   Thumb Code     0  startup_stm32h750xx.o(.text)
    HRTIM1_Master_IRQHandler                 0x080002cb   Thumb Code     0  startup_stm32h750xx.o(.text)
    HRTIM1_TIMA_IRQHandler                   0x080002cb   Thumb Code     0  startup_stm32h750xx.o(.text)
    HRTIM1_TIMB_IRQHandler                   0x080002cb   Thumb Code     0  startup_stm32h750xx.o(.text)
    HRTIM1_TIMC_IRQHandler                   0x080002cb   Thumb Code     0  startup_stm32h750xx.o(.text)
    HRTIM1_TIMD_IRQHandler                   0x080002cb   Thumb Code     0  startup_stm32h750xx.o(.text)
    HRTIM1_TIME_IRQHandler                   0x080002cb   Thumb Code     0  startup_stm32h750xx.o(.text)
    HSEM1_IRQHandler                         0x080002cb   Thumb Code     0  startup_stm32h750xx.o(.text)
    I2C1_ER_IRQHandler                       0x080002cb   Thumb Code     0  startup_stm32h750xx.o(.text)
    I2C1_EV_IRQHandler                       0x080002cb   Thumb Code     0  startup_stm32h750xx.o(.text)
    I2C2_ER_IRQHandler                       0x080002cb   Thumb Code     0  startup_stm32h750xx.o(.text)
    I2C2_EV_IRQHandler                       0x080002cb   Thumb Code     0  startup_stm32h750xx.o(.text)
    I2C3_ER_IRQHandler                       0x080002cb   Thumb Code     0  startup_stm32h750xx.o(.text)
    I2C3_EV_IRQHandler                       0x080002cb   Thumb Code     0  startup_stm32h750xx.o(.text)
    I2C4_ER_IRQHandler                       0x080002cb   Thumb Code     0  startup_stm32h750xx.o(.text)
    I2C4_EV_IRQHandler                       0x080002cb   Thumb Code     0  startup_stm32h750xx.o(.text)
    JPEG_IRQHandler                          0x080002cb   Thumb Code     0  startup_stm32h750xx.o(.text)
    LPTIM1_IRQHandler                        0x080002cb   Thumb Code     0  startup_stm32h750xx.o(.text)
    LPTIM2_IRQHandler                        0x080002cb   Thumb Code     0  startup_stm32h750xx.o(.text)
    LPTIM3_IRQHandler                        0x080002cb   Thumb Code     0  startup_stm32h750xx.o(.text)
    LPTIM4_IRQHandler                        0x080002cb   Thumb Code     0  startup_stm32h750xx.o(.text)
    LPTIM5_IRQHandler                        0x080002cb   Thumb Code     0  startup_stm32h750xx.o(.text)
    LPUART1_IRQHandler                       0x080002cb   Thumb Code     0  startup_stm32h750xx.o(.text)
    LTDC_ER_IRQHandler                       0x080002cb   Thumb Code     0  startup_stm32h750xx.o(.text)
    LTDC_IRQHandler                          0x080002cb   Thumb Code     0  startup_stm32h750xx.o(.text)
    MDIOS_IRQHandler                         0x080002cb   Thumb Code     0  startup_stm32h750xx.o(.text)
    MDIOS_WKUP_IRQHandler                    0x080002cb   Thumb Code     0  startup_stm32h750xx.o(.text)
    MDMA_IRQHandler                          0x080002cb   Thumb Code     0  startup_stm32h750xx.o(.text)
    OTG_FS_EP1_IN_IRQHandler                 0x080002cb   Thumb Code     0  startup_stm32h750xx.o(.text)
    OTG_FS_EP1_OUT_IRQHandler                0x080002cb   Thumb Code     0  startup_stm32h750xx.o(.text)
    OTG_FS_IRQHandler                        0x080002cb   Thumb Code     0  startup_stm32h750xx.o(.text)
    OTG_FS_WKUP_IRQHandler                   0x080002cb   Thumb Code     0  startup_stm32h750xx.o(.text)
    OTG_HS_EP1_IN_IRQHandler                 0x080002cb   Thumb Code     0  startup_stm32h750xx.o(.text)
    OTG_HS_EP1_OUT_IRQHandler                0x080002cb   Thumb Code     0  startup_stm32h750xx.o(.text)
    OTG_HS_IRQHandler                        0x080002cb   Thumb Code     0  startup_stm32h750xx.o(.text)
    OTG_HS_WKUP_IRQHandler                   0x080002cb   Thumb Code     0  startup_stm32h750xx.o(.text)
    PVD_AVD_IRQHandler                       0x080002cb   Thumb Code     0  startup_stm32h750xx.o(.text)
    QUADSPI_IRQHandler                       0x080002cb   Thumb Code     0  startup_stm32h750xx.o(.text)
    RCC_IRQHandler                           0x080002cb   Thumb Code     0  startup_stm32h750xx.o(.text)
    RTC_Alarm_IRQHandler                     0x080002cb   Thumb Code     0  startup_stm32h750xx.o(.text)
    RTC_WKUP_IRQHandler                      0x080002cb   Thumb Code     0  startup_stm32h750xx.o(.text)
    SAI1_IRQHandler                          0x080002cb   Thumb Code     0  startup_stm32h750xx.o(.text)
    SAI2_IRQHandler                          0x080002cb   Thumb Code     0  startup_stm32h750xx.o(.text)
    SAI3_IRQHandler                          0x080002cb   Thumb Code     0  startup_stm32h750xx.o(.text)
    SAI4_IRQHandler                          0x080002cb   Thumb Code     0  startup_stm32h750xx.o(.text)
    SDMMC1_IRQHandler                        0x080002cb   Thumb Code     0  startup_stm32h750xx.o(.text)
    SDMMC2_IRQHandler                        0x080002cb   Thumb Code     0  startup_stm32h750xx.o(.text)
    SPDIF_RX_IRQHandler                      0x080002cb   Thumb Code     0  startup_stm32h750xx.o(.text)
    SPI1_IRQHandler                          0x080002cb   Thumb Code     0  startup_stm32h750xx.o(.text)
    SPI2_IRQHandler                          0x080002cb   Thumb Code     0  startup_stm32h750xx.o(.text)
    SPI3_IRQHandler                          0x080002cb   Thumb Code     0  startup_stm32h750xx.o(.text)
    SPI4_IRQHandler                          0x080002cb   Thumb Code     0  startup_stm32h750xx.o(.text)
    SPI5_IRQHandler                          0x080002cb   Thumb Code     0  startup_stm32h750xx.o(.text)
    SPI6_IRQHandler                          0x080002cb   Thumb Code     0  startup_stm32h750xx.o(.text)
    SWPMI1_IRQHandler                        0x080002cb   Thumb Code     0  startup_stm32h750xx.o(.text)
    TAMP_STAMP_IRQHandler                    0x080002cb   Thumb Code     0  startup_stm32h750xx.o(.text)
    TIM15_IRQHandler                         0x080002cb   Thumb Code     0  startup_stm32h750xx.o(.text)
    TIM16_IRQHandler                         0x080002cb   Thumb Code     0  startup_stm32h750xx.o(.text)
    TIM17_IRQHandler                         0x080002cb   Thumb Code     0  startup_stm32h750xx.o(.text)
    TIM1_BRK_IRQHandler                      0x080002cb   Thumb Code     0  startup_stm32h750xx.o(.text)
    TIM1_CC_IRQHandler                       0x080002cb   Thumb Code     0  startup_stm32h750xx.o(.text)
    TIM1_TRG_COM_IRQHandler                  0x080002cb   Thumb Code     0  startup_stm32h750xx.o(.text)
    TIM1_UP_IRQHandler                       0x080002cb   Thumb Code     0  startup_stm32h750xx.o(.text)
    TIM2_IRQHandler                          0x080002cb   Thumb Code     0  startup_stm32h750xx.o(.text)
    TIM3_IRQHandler                          0x080002cb   Thumb Code     0  startup_stm32h750xx.o(.text)
    TIM4_IRQHandler                          0x080002cb   Thumb Code     0  startup_stm32h750xx.o(.text)
    TIM5_IRQHandler                          0x080002cb   Thumb Code     0  startup_stm32h750xx.o(.text)
    TIM7_IRQHandler                          0x080002cb   Thumb Code     0  startup_stm32h750xx.o(.text)
    TIM8_BRK_TIM12_IRQHandler                0x080002cb   Thumb Code     0  startup_stm32h750xx.o(.text)
    TIM8_CC_IRQHandler                       0x080002cb   Thumb Code     0  startup_stm32h750xx.o(.text)
    TIM8_TRG_COM_TIM14_IRQHandler            0x080002cb   Thumb Code     0  startup_stm32h750xx.o(.text)
    TIM8_UP_TIM13_IRQHandler                 0x080002cb   Thumb Code     0  startup_stm32h750xx.o(.text)
    UART4_IRQHandler                         0x080002cb   Thumb Code     0  startup_stm32h750xx.o(.text)
    UART5_IRQHandler                         0x080002cb   Thumb Code     0  startup_stm32h750xx.o(.text)
    UART7_IRQHandler                         0x080002cb   Thumb Code     0  startup_stm32h750xx.o(.text)
    UART8_IRQHandler                         0x080002cb   Thumb Code     0  startup_stm32h750xx.o(.text)
    USART1_IRQHandler                        0x080002cb   Thumb Code     0  startup_stm32h750xx.o(.text)
    USART3_IRQHandler                        0x080002cb   Thumb Code     0  startup_stm32h750xx.o(.text)
    USART6_IRQHandler                        0x080002cb   Thumb Code     0  startup_stm32h750xx.o(.text)
    WAKEUP_PIN_IRQHandler                    0x080002cb   Thumb Code     0  startup_stm32h750xx.o(.text)
    WWDG_IRQHandler                          0x080002cb   Thumb Code     0  startup_stm32h750xx.o(.text)
    __aeabi_uldivmod                         0x080002d5   Thumb Code    98  uldiv.o(.text)
    __aeabi_memcpy                           0x08000337   Thumb Code    36  memcpya.o(.text)
    __aeabi_memcpy4                          0x08000337   Thumb Code     0  memcpya.o(.text)
    __aeabi_memcpy8                          0x08000337   Thumb Code     0  memcpya.o(.text)
    __aeabi_memset                           0x0800035b   Thumb Code    14  memseta.o(.text)
    __aeabi_memset4                          0x0800035b   Thumb Code     0  memseta.o(.text)
    __aeabi_memset8                          0x0800035b   Thumb Code     0  memseta.o(.text)
    __aeabi_memclr                           0x08000369   Thumb Code     4  memseta.o(.text)
    __aeabi_memclr4                          0x08000369   Thumb Code     0  memseta.o(.text)
    __aeabi_memclr8                          0x08000369   Thumb Code     0  memseta.o(.text)
    _memset$wrapper                          0x0800036d   Thumb Code    18  memseta.o(.text)
    __aeabi_uidiv                            0x0800037f   Thumb Code     0  uidiv.o(.text)
    __aeabi_uidivmod                         0x0800037f   Thumb Code    44  uidiv.o(.text)
    __aeabi_llsl                             0x080003ab   Thumb Code    30  llshl.o(.text)
    _ll_shift_l                              0x080003ab   Thumb Code     0  llshl.o(.text)
    __aeabi_llsr                             0x080003c9   Thumb Code    32  llushr.o(.text)
    _ll_ushift_r                             0x080003c9   Thumb Code     0  llushr.o(.text)
    __I$use$fp                               0x080003e9   Thumb Code     0  iusefp.o(.text)
    __aeabi_dadd                             0x080003e9   Thumb Code   322  dadd.o(.text)
    __aeabi_dsub                             0x0800052b   Thumb Code     6  dadd.o(.text)
    __aeabi_drsub                            0x08000531   Thumb Code     6  dadd.o(.text)
    __aeabi_dmul                             0x08000537   Thumb Code   228  dmul.o(.text)
    __aeabi_ddiv                             0x0800061b   Thumb Code   222  ddiv.o(.text)
    _drem                                    0x080006f9   Thumb Code   134  drem.o(.text)
    __aeabi_d2ulz                            0x0800077f   Thumb Code    48  dfixul.o(.text)
    __aeabi_cdrcmple                         0x080007b1   Thumb Code    48  cdrcmple.o(.text)
    __scatterload                            0x080007e1   Thumb Code    28  init.o(.text)
    __scatterload_rt2                        0x080007e1   Thumb Code     0  init.o(.text)
    __aeabi_lasr                             0x08000805   Thumb Code    36  llsshr.o(.text)
    _ll_sshift_r                             0x08000805   Thumb Code     0  llsshr.o(.text)
    _double_round                            0x08000829   Thumb Code    30  depilogue.o(.text)
    _double_epilogue                         0x08000847   Thumb Code   156  depilogue.o(.text)
    BusFault_Handler                         0x080008e3   Thumb Code     2  stm32h7xx_it.o(i.BusFault_Handler)
    CAN_senddata                             0x080008e5   Thumb Code    52  fdcan.o(i.CAN_senddata)
    DebugMon_Handler                         0x08000921   Thumb Code     2  stm32h7xx_it.o(i.DebugMon_Handler)
    Error_Handler                            0x08000925   Thumb Code    26  main.o(i.Error_Handler)
    FDCAN1_IT0_IRQHandler                    0x08000945   Thumb Code     6  stm32h7xx_it.o(i.FDCAN1_IT0_IRQHandler)
    FDCAN1_IT1_IRQHandler                    0x08000951   Thumb Code     6  stm32h7xx_it.o(i.FDCAN1_IT1_IRQHandler)
    FOC_V_Init                               0x08000ba5   Thumb Code    42  foc.o(i.FOC_V_Init)
    FOC_zero                                 0x08000bf9   Thumb Code    88  foc.o(i.FOC_zero)
    HAL_DMA_Abort                            0x08000c79   Thumb Code   836  stm32h7xx_hal_dma.o(i.HAL_DMA_Abort)
    HAL_DMA_Abort_IT                         0x08000fd9   Thumb Code   602  stm32h7xx_hal_dma.o(i.HAL_DMA_Abort_IT)
    HAL_Delay                                0x0800125d   Thumb Code    32  stm32h7xx_hal.o(i.HAL_Delay)
    HAL_FDCAN_AddMessageToTxFifoQ            0x08001281   Thumb Code   102  stm32h7xx_hal_fdcan.o(i.HAL_FDCAN_AddMessageToTxFifoQ)
    HAL_FDCAN_ClockCalibrationCallback       0x080012e7   Thumb Code     2  stm32h7xx_hal_fdcan.o(i.HAL_FDCAN_ClockCalibrationCallback)
    HAL_FDCAN_ErrorCallback                  0x080012e9   Thumb Code     2  stm32h7xx_hal_fdcan.o(i.HAL_FDCAN_ErrorCallback)
    HAL_FDCAN_ErrorStatusCallback            0x080012eb   Thumb Code     2  stm32h7xx_hal_fdcan.o(i.HAL_FDCAN_ErrorStatusCallback)
    HAL_FDCAN_GetRxMessage                   0x080012ed   Thumb Code   400  stm32h7xx_hal_fdcan.o(i.HAL_FDCAN_GetRxMessage)
    HAL_FDCAN_HighPriorityMessageCallback    0x08001481   Thumb Code     2  stm32h7xx_hal_fdcan.o(i.HAL_FDCAN_HighPriorityMessageCallback)
    HAL_FDCAN_IRQHandler                     0x08001485   Thumb Code   788  stm32h7xx_hal_fdcan.o(i.HAL_FDCAN_IRQHandler)
    HAL_FDCAN_Init                           0x080017a5   Thumb Code   572  stm32h7xx_hal_fdcan.o(i.HAL_FDCAN_Init)
    HAL_FDCAN_MspInit                        0x080019e9   Thumb Code   158  fdcan.o(i.HAL_FDCAN_MspInit)
    HAL_FDCAN_RxBufferNewMessageCallback     0x08001a95   Thumb Code     2  stm32h7xx_hal_fdcan.o(i.HAL_FDCAN_RxBufferNewMessageCallback)
    HAL_FDCAN_RxFifo0Callback                0x08001a99   Thumb Code    26  main.o(i.HAL_FDCAN_RxFifo0Callback)
    HAL_FDCAN_RxFifo1Callback                0x08001abd   Thumb Code     2  stm32h7xx_hal_fdcan.o(i.HAL_FDCAN_RxFifo1Callback)
    HAL_FDCAN_Start                          0x08001abf   Thumb Code    50  stm32h7xx_hal_fdcan.o(i.HAL_FDCAN_Start)
    HAL_FDCAN_TT_GlobalTimeCallback          0x08001af1   Thumb Code     2  stm32h7xx_hal_fdcan.o(i.HAL_FDCAN_TT_GlobalTimeCallback)
    HAL_FDCAN_TT_ScheduleSyncCallback        0x08001af3   Thumb Code     2  stm32h7xx_hal_fdcan.o(i.HAL_FDCAN_TT_ScheduleSyncCallback)
    HAL_FDCAN_TT_StopWatchCallback           0x08001af5   Thumb Code     2  stm32h7xx_hal_fdcan.o(i.HAL_FDCAN_TT_StopWatchCallback)
    HAL_FDCAN_TT_TimeMarkCallback            0x08001af7   Thumb Code     2  stm32h7xx_hal_fdcan.o(i.HAL_FDCAN_TT_TimeMarkCallback)
    HAL_FDCAN_TimeoutOccurredCallback        0x08001af9   Thumb Code     2  stm32h7xx_hal_fdcan.o(i.HAL_FDCAN_TimeoutOccurredCallback)
    HAL_FDCAN_TimestampWraparoundCallback    0x08001afb   Thumb Code     2  stm32h7xx_hal_fdcan.o(i.HAL_FDCAN_TimestampWraparoundCallback)
    HAL_FDCAN_TxBufferAbortCallback          0x08001afd   Thumb Code     2  stm32h7xx_hal_fdcan.o(i.HAL_FDCAN_TxBufferAbortCallback)
    HAL_FDCAN_TxBufferCompleteCallback       0x08001aff   Thumb Code     2  stm32h7xx_hal_fdcan.o(i.HAL_FDCAN_TxBufferCompleteCallback)
    HAL_FDCAN_TxEventFifoCallback            0x08001b01   Thumb Code     2  stm32h7xx_hal_fdcan.o(i.HAL_FDCAN_TxEventFifoCallback)
    HAL_FDCAN_TxFifoEmptyCallback            0x08001b03   Thumb Code     2  stm32h7xx_hal_fdcan.o(i.HAL_FDCAN_TxFifoEmptyCallback)
    HAL_GPIO_Init                            0x08001b05   Thumb Code   506  stm32h7xx_hal_gpio.o(i.HAL_GPIO_Init)
    HAL_GPIO_WritePin                        0x08001d31   Thumb Code    10  stm32h7xx_hal_gpio.o(i.HAL_GPIO_WritePin)
    HAL_GetREVID                             0x08001d3d   Thumb Code     8  stm32h7xx_hal.o(i.HAL_GetREVID)
    HAL_GetTick                              0x08001d49   Thumb Code     6  stm32h7xx_hal.o(i.HAL_GetTick)
    HAL_IncTick                              0x08001d55   Thumb Code    12  stm32h7xx_hal.o(i.HAL_IncTick)
    HAL_Init                                 0x08001d65   Thumb Code    74  stm32h7xx_hal.o(i.HAL_Init)
    HAL_InitTick                             0x08001dc1   Thumb Code    56  stm32h7xx_hal.o(i.HAL_InitTick)
    HAL_MPU_ConfigRegion                     0x08001e01   Thumb Code    86  stm32h7xx_hal_cortex.o(i.HAL_MPU_ConfigRegion)
    HAL_MPU_Disable                          0x08001e5d   Thumb Code    24  stm32h7xx_hal_cortex.o(i.HAL_MPU_Disable)
    HAL_MPU_Enable                           0x08001e79   Thumb Code    30  stm32h7xx_hal_cortex.o(i.HAL_MPU_Enable)
    HAL_MspInit                              0x08001e9d   Thumb Code    22  stm32h7xx_hal_msp.o(i.HAL_MspInit)
    HAL_NVIC_EnableIRQ                       0x08001eb9   Thumb Code    26  stm32h7xx_hal_cortex.o(i.HAL_NVIC_EnableIRQ)
    HAL_NVIC_SetPriority                     0x08001ed5   Thumb Code    60  stm32h7xx_hal_cortex.o(i.HAL_NVIC_SetPriority)
    HAL_NVIC_SetPriorityGrouping             0x08001f15   Thumb Code    28  stm32h7xx_hal_cortex.o(i.HAL_NVIC_SetPriorityGrouping)
    HAL_PWREx_ConfigSupply                   0x08001f39   Thumb Code    78  stm32h7xx_hal_pwr_ex.o(i.HAL_PWREx_ConfigSupply)
    HAL_RCCEx_GetD3PCLK1Freq                 0x08001f8d   Thumb Code    26  stm32h7xx_hal_rcc_ex.o(i.HAL_RCCEx_GetD3PCLK1Freq)
    HAL_RCCEx_GetPLL2ClockFreq               0x08001fb1   Thumb Code   296  stm32h7xx_hal_rcc_ex.o(i.HAL_RCCEx_GetPLL2ClockFreq)
    HAL_RCCEx_GetPLL3ClockFreq               0x080020f5   Thumb Code   296  stm32h7xx_hal_rcc_ex.o(i.HAL_RCCEx_GetPLL3ClockFreq)
    HAL_RCCEx_PeriphCLKConfig                0x08002239   Thumb Code  2472  stm32h7xx_hal_rcc_ex.o(i.HAL_RCCEx_PeriphCLKConfig)
    HAL_RCC_ClockConfig                      0x08002be5   Thumb Code   580  stm32h7xx_hal_rcc.o(i.HAL_RCC_ClockConfig)
    HAL_RCC_GetHCLKFreq                      0x08002e41   Thumb Code    52  stm32h7xx_hal_rcc.o(i.HAL_RCC_GetHCLKFreq)
    HAL_RCC_GetPCLK1Freq                     0x08002e85   Thumb Code    26  stm32h7xx_hal_rcc.o(i.HAL_RCC_GetPCLK1Freq)
    HAL_RCC_GetPCLK2Freq                     0x08002ea9   Thumb Code    26  stm32h7xx_hal_rcc.o(i.HAL_RCC_GetPCLK2Freq)
    HAL_RCC_GetSysClockFreq                  0x08002ecd   Thumb Code   278  stm32h7xx_hal_rcc.o(i.HAL_RCC_GetSysClockFreq)
    HAL_RCC_OscConfig                        0x08003005   Thumb Code  1410  stm32h7xx_hal_rcc.o(i.HAL_RCC_OscConfig)
    HAL_SPI_Init                             0x08003589   Thumb Code   366  stm32h7xx_hal_spi.o(i.HAL_SPI_Init)
    HAL_SPI_MspInit                          0x08003705   Thumb Code   264  spi.o(i.HAL_SPI_MspInit)
    HAL_SPI_Receive                          0x08003825   Thumb Code   470  stm32h7xx_hal_spi.o(i.HAL_SPI_Receive)
    HAL_SYSTICK_Config                       0x080039fb   Thumb Code    38  stm32h7xx_hal_cortex.o(i.HAL_SYSTICK_Config)
    HAL_TIMEx_Break2Callback                 0x08003a21   Thumb Code     2  stm32h7xx_hal_tim_ex.o(i.HAL_TIMEx_Break2Callback)
    HAL_TIMEx_BreakCallback                  0x08003a23   Thumb Code     2  stm32h7xx_hal_tim_ex.o(i.HAL_TIMEx_BreakCallback)
    HAL_TIMEx_CommutCallback                 0x08003a25   Thumb Code     2  stm32h7xx_hal_tim_ex.o(i.HAL_TIMEx_CommutCallback)
    HAL_TIMEx_ConfigBreakDeadTime            0x08003a29   Thumb Code   150  stm32h7xx_hal_tim_ex.o(i.HAL_TIMEx_ConfigBreakDeadTime)
    HAL_TIMEx_MasterConfigSynchronization    0x08003ac9   Thumb Code   134  stm32h7xx_hal_tim_ex.o(i.HAL_TIMEx_MasterConfigSynchronization)
    HAL_TIM_Base_Init                        0x08003b6d   Thumb Code    98  stm32h7xx_hal_tim.o(i.HAL_TIM_Base_Init)
    HAL_TIM_Base_MspInit                     0x08003bd1   Thumb Code    76  tim.o(i.HAL_TIM_Base_MspInit)
    HAL_TIM_ConfigClockSource                0x08003c29   Thumb Code   248  stm32h7xx_hal_tim.o(i.HAL_TIM_ConfigClockSource)
    HAL_TIM_IC_CaptureCallback               0x08003d25   Thumb Code     2  stm32h7xx_hal_tim.o(i.HAL_TIM_IC_CaptureCallback)
    HAL_TIM_IRQHandler                       0x08003d27   Thumb Code   386  stm32h7xx_hal_tim.o(i.HAL_TIM_IRQHandler)
    HAL_TIM_MspPostInit                      0x08003ea9   Thumb Code    68  tim.o(i.HAL_TIM_MspPostInit)
    HAL_TIM_OC_DelayElapsedCallback          0x08003ef9   Thumb Code     2  stm32h7xx_hal_tim.o(i.HAL_TIM_OC_DelayElapsedCallback)
    HAL_TIM_PWM_ConfigChannel                0x08003efb   Thumb Code   292  stm32h7xx_hal_tim.o(i.HAL_TIM_PWM_ConfigChannel)
    HAL_TIM_PWM_Init                         0x0800401f   Thumb Code    98  stm32h7xx_hal_tim.o(i.HAL_TIM_PWM_Init)
    HAL_TIM_PWM_MspInit                      0x08004081   Thumb Code     2  stm32h7xx_hal_tim.o(i.HAL_TIM_PWM_MspInit)
    HAL_TIM_PWM_PulseFinishedCallback        0x08004083   Thumb Code     2  stm32h7xx_hal_tim.o(i.HAL_TIM_PWM_PulseFinishedCallback)
    HAL_TIM_PWM_Start                        0x08004085   Thumb Code   232  stm32h7xx_hal_tim.o(i.HAL_TIM_PWM_Start)
    HAL_TIM_PeriodElapsedCallback            0x08004195   Thumb Code    18  main.o(i.HAL_TIM_PeriodElapsedCallback)
    HAL_TIM_TriggerCallback                  0x080041b1   Thumb Code     2  stm32h7xx_hal_tim.o(i.HAL_TIM_TriggerCallback)
    HAL_UARTEx_DisableFifoMode               0x080041b3   Thumb Code    64  stm32h7xx_hal_uart_ex.o(i.HAL_UARTEx_DisableFifoMode)
    HAL_UARTEx_RxEventCallback               0x080041f3   Thumb Code     2  stm32h7xx_hal_uart.o(i.HAL_UARTEx_RxEventCallback)
    HAL_UARTEx_RxFifoFullCallback            0x080041f5   Thumb Code     2  stm32h7xx_hal_uart_ex.o(i.HAL_UARTEx_RxFifoFullCallback)
    HAL_UARTEx_SetRxFifoThreshold            0x080041f7   Thumb Code    76  stm32h7xx_hal_uart_ex.o(i.HAL_UARTEx_SetRxFifoThreshold)
    HAL_UARTEx_SetTxFifoThreshold            0x08004243   Thumb Code    76  stm32h7xx_hal_uart_ex.o(i.HAL_UARTEx_SetTxFifoThreshold)
    HAL_UARTEx_TxFifoEmptyCallback           0x0800428f   Thumb Code     2  stm32h7xx_hal_uart_ex.o(i.HAL_UARTEx_TxFifoEmptyCallback)
    HAL_UARTEx_WakeupCallback                0x08004291   Thumb Code     2  stm32h7xx_hal_uart_ex.o(i.HAL_UARTEx_WakeupCallback)
    HAL_UART_ErrorCallback                   0x08004293   Thumb Code     2  stm32h7xx_hal_uart.o(i.HAL_UART_ErrorCallback)
    HAL_UART_IRQHandler                      0x08004295   Thumb Code   878  stm32h7xx_hal_uart.o(i.HAL_UART_IRQHandler)
    HAL_UART_Init                            0x0800461d   Thumb Code   106  stm32h7xx_hal_uart.o(i.HAL_UART_Init)
    HAL_UART_MspInit                         0x08004689   Thumb Code   136  usart.o(i.HAL_UART_MspInit)
    HAL_UART_Transmit                        0x0800471d   Thumb Code   176  stm32h7xx_hal_uart.o(i.HAL_UART_Transmit)
    HAL_UART_TxCpltCallback                  0x080047cd   Thumb Code     2  stm32h7xx_hal_uart.o(i.HAL_UART_TxCpltCallback)
    HardFault_Handler                        0x080047cf   Thumb Code     2  stm32h7xx_it.o(i.HardFault_Handler)
    MT6701_Get_Angle                         0x080047d1   Thumb Code    38  mt6701.o(i.MT6701_Get_Angle)
    MX_FDCAN1_Init                           0x08004801   Thumb Code    96  fdcan.o(i.MX_FDCAN1_Init)
    MX_GPIO_Init                             0x08004869   Thumb Code   206  gpio.o(i.MX_GPIO_Init)
    MX_SPI1_Init                             0x08004949   Thumb Code    88  spi.o(i.MX_SPI1_Init)
    MX_SPI2_Init                             0x080049a9   Thumb Code    88  spi.o(i.MX_SPI2_Init)
    MX_TIM1_Init                             0x08004a09   Thumb Code   236  tim.o(i.MX_TIM1_Init)
    MX_TIM6_Init                             0x08004afd   Thumb Code    64  tim.o(i.MX_TIM6_Init)
    MX_USART2_UART_Init                      0x08004b45   Thumb Code    94  usart.o(i.MX_USART2_UART_Init)
    MemManage_Handler                        0x08004bad   Thumb Code     2  stm32h7xx_it.o(i.MemManage_Handler)
    NMI_Handler                              0x08004baf   Thumb Code     2  stm32h7xx_it.o(i.NMI_Handler)
    PendSV_Handler                           0x08004bb1   Thumb Code     2  stm32h7xx_it.o(i.PendSV_Handler)
    PeriphCommonClock_Config                 0x08004bb3   Thumb Code    42  main.o(i.PeriphCommonClock_Config)
    RS485_Dir_Receive                        0x08004e1d   Thumb Code    10  stm32h7xx_hal_msp.o(i.RS485_Dir_Receive)
    RS485_Dir_Transmit                       0x08004e2d   Thumb Code    10  stm32h7xx_hal_msp.o(i.RS485_Dir_Transmit)
    SVC_Handler                              0x08004ef9   Thumb Code     2  stm32h7xx_it.o(i.SVC_Handler)
    SysTick_Handler                          0x08004efb   Thumb Code     4  stm32h7xx_it.o(i.SysTick_Handler)
    SystemClock_Config                       0x08004f01   Thumb Code   208  main.o(i.SystemClock_Config)
    SystemCoreClockUpdate                    0x08004fdd   Thumb Code   280  system_stm32h7xx.o(i.SystemCoreClockUpdate)
    SystemInit                               0x0800511d   Thumb Code   180  system_stm32h7xx.o(i.SystemInit)
    TIM6_DAC_IRQHandler                      0x080051f9   Thumb Code     6  stm32h7xx_it.o(i.TIM6_DAC_IRQHandler)
    TIM_Base_SetConfig                       0x08005205   Thumb Code   162  stm32h7xx_hal_tim.o(i.TIM_Base_SetConfig)
    TIM_CCxChannelCmd                        0x080052c9   Thumb Code    26  stm32h7xx_hal_tim.o(i.TIM_CCxChannelCmd)
    TIM_ETR_SetConfig                        0x080052e3   Thumb Code    18  stm32h7xx_hal_tim.o(i.TIM_ETR_SetConfig)
    TIM_OC2_SetConfig                        0x080053b1   Thumb Code   126  stm32h7xx_hal_tim.o(i.TIM_OC2_SetConfig)
    Torque_Read                              0x08005689   Thumb Code    52  mt6701.o(i.Torque_Read)
    UART_AdvFeatureConfig                    0x0800570d   Thumb Code   200  stm32h7xx_hal_uart.o(i.UART_AdvFeatureConfig)
    UART_CheckIdleState                      0x080057d5   Thumb Code   170  stm32h7xx_hal_uart.o(i.UART_CheckIdleState)
    UART_SetConfig                           0x080058e9   Thumb Code   876  stm32h7xx_hal_uart.o(i.UART_SetConfig)
    UART_WaitOnFlagUntilTimeout              0x08005c95   Thumb Code   140  stm32h7xx_hal_uart.o(i.UART_WaitOnFlagUntilTimeout)
    USART2_IRQHandler                        0x08005d21   Thumb Code     6  stm32h7xx_it.o(i.USART2_IRQHandler)
    UsageFault_Handler                       0x08005d2d   Thumb Code     2  stm32h7xx_it.o(i.UsageFault_Handler)
    __0printf                                0x08005d31   Thumb Code    22  printfa.o(i.__0printf)
    __1printf                                0x08005d31   Thumb Code     0  printfa.o(i.__0printf)
    __2printf                                0x08005d31   Thumb Code     0  printfa.o(i.__0printf)
    __c89printf                              0x08005d31   Thumb Code     0  printfa.o(i.__0printf)
    printf                                   0x08005d31   Thumb Code     0  printfa.o(i.__0printf)
    __ARM_fpclassify                         0x08005d51   Thumb Code    48  fpclassify.o(i.__ARM_fpclassify)
    __hardfp_cos                             0x08005da9   Thumb Code   158  cos.o(i.__hardfp_cos)
    __hardfp_fmod                            0x08005e59   Thumb Code   246  fmod.o(i.__hardfp_fmod)
    __hardfp_sin                             0x08005f59   Thumb Code   158  sin.o(i.__hardfp_sin)
    __hardfp_sqrt                            0x08006009   Thumb Code   102  sqrt.o(i.__hardfp_sqrt)
    __ieee754_rem_pio2                       0x08006071   Thumb Code   646  rred.o(i.__ieee754_rem_pio2)
    __kernel_cos                             0x08006381   Thumb Code   182  cos_i.o(i.__kernel_cos)
    __kernel_poly                            0x08006461   Thumb Code   112  poly.o(i.__kernel_poly)
    __kernel_sin                             0x080064d1   Thumb Code   144  sin_i.o(i.__kernel_sin)
    __mathlib_dbl_invalid                    0x08006579   Thumb Code    10  dunder.o(i.__mathlib_dbl_invalid)
    __mathlib_dbl_underflow                  0x08006591   Thumb Code    10  dunder.o(i.__mathlib_dbl_underflow)
    __scatterload_copy                       0x080065a9   Thumb Code    14  handlers.o(i.__scatterload_copy)
    __scatterload_null                       0x080065b7   Thumb Code     2  handlers.o(i.__scatterload_null)
    __scatterload_zeroinit                   0x080065b9   Thumb Code    14  handlers.o(i.__scatterload_zeroinit)
    __set_errno                              0x080065c9   Thumb Code     6  errno.o(i.__set_errno)
    electricalAngle                          0x08006e61   Thumb Code    22  foc.o(i.electricalAngle)
    fabs                                     0x08006e7d   Thumb Code    24  fabs.o(i.fabs)
    fputc                                    0x08006e95   Thumb Code    44  stm32h7xx_hal_msp.o(i.fputc)
    main                                     0x08006ec5   Thumb Code   220  main.o(i.main)
    normalizeAngle                           0x08006fbd   Thumb Code    38  mt6701.o(i.normalizeAngle)
    setPwm                                   0x08006ff1   Thumb Code   276  foc.o(i.setPwm)
    setTorque                                0x08007111   Thumb Code   260  foc.o(i.setTorque)
    UARTPrescTable                           0x08007274   Data          24  stm32h7xx_hal_uart.o(.constdata)
    D1CorePrescTable                         0x0800729c   Data          16  system_stm32h7xx.o(.constdata)
    Region$$Table$$Base                      0x080073d0   Number         0  anon$$obj.o(Region$$Table)
    Region$$Table$$Limit                     0x080073f0   Number         0  anon$$obj.o(Region$$Table)
    txbuff                                   0x24000000   Data           2  main.o(.data)
    count                                    0x24000004   Data           4  main.o(.data)
    TXmessage                                0x24000008   Data           8  main.o(.data)
    RXmessage                                0x24000010   Data           8  main.o(.data)
    uwTickFreq                               0x24000018   Data           1  stm32h7xx_hal.o(.data)
    uwTickPrio                               0x2400001c   Data           4  stm32h7xx_hal.o(.data)
    uwTick                                   0x24000020   Data           4  stm32h7xx_hal.o(.data)
    SystemCoreClock                          0x24000024   Data           4  system_stm32h7xx.o(.data)
    SystemD2Clock                            0x24000028   Data           4  system_stm32h7xx.o(.data)
    voltage_power_supply                     0x2400002c   Data           4  foc.o(.data)
    Ubeta                                    0x24000030   Data           4  foc.o(.data)
    Ua                                       0x24000034   Data           4  foc.o(.data)
    Ub                                       0x24000038   Data           4  foc.o(.data)
    Uc                                       0x2400003c   Data           4  foc.o(.data)
    zero_electric_angle                      0x24000040   Data           4  foc.o(.data)
    shaft_angle                              0x24000044   Data           4  foc.o(.data)
    integral                                 0x24000048   Data           4  foc.o(.data)
    prev_error                               0x2400004c   Data           4  foc.o(.data)
    last_time                                0x24000050   Data           4  foc.o(.data)
    vel                                      0x24000054   Data           4  foc.o(.data)
    inital_angle                             0x24000058   Data           4  foc.o(.data)
    Ualpha                                   0x2400005c   Data           4  foc.o(.data)
    motor_target                             0x24000060   Data           4  foc.o(.data)
    last_Time                                0x24000064   Data           4  mt6701.o(.data)
    last_Angle                               0x24000068   Data           4  mt6701.o(.data)
    last_Velocity                            0x2400006c   Data           4  mt6701.o(.data)
    SPIDataBuff                              0x24000070   Data           4  mt6701.o(.data)
    __stdout                                 0x24000074   Data           4  stdout.o(.data)
    rxBuffer                                 0x2400007c   Data          64  main.o(.bss)
    RXHeader                                 0x240000bc   Data          40  main.o(.bss)
    TXHeader                                 0x240000e4   Data          36  main.o(.bss)
    hfdcan1                                  0x24000108   Data         160  fdcan.o(.bss)
    hspi1                                    0x240001a8   Data         136  spi.o(.bss)
    hspi2                                    0x24000230   Data         136  spi.o(.bss)
    htim1                                    0x240002b8   Data          76  tim.o(.bss)
    htim6                                    0x24000304   Data          76  tim.o(.bss)
    huart2                                   0x24000350   Data         148  usart.o(.bss)
    __initial_sp                             0x240007e8   Data           0  startup_stm32h750xx.o(STACK)



==============================================================================

Memory Map of the image

  Image Entry point : 0x08000299

  Load Region LR_IROM1 (Base: 0x08000000, Size: 0x0000746c, Max: 0x00020000, ABSOLUTE)

    Execution Region ER_IROM1 (Exec base: 0x08000000, Load base: 0x08000000, Size: 0x000073f0, Max: 0x00020000, ABSOLUTE)

    Exec Addr    Load Addr    Size         Type   Attr      Idx    E Section Name        Object

    0x08000000   0x08000000   0x00000298   Data   RO            3    RESET               startup_stm32h750xx.o
    0x08000298   0x08000298   0x00000000   Code   RO         5782  * .ARM.Collect$$$$00000000  mc_w.l(entry.o)
    0x08000298   0x08000298   0x00000004   Code   RO         6084    .ARM.Collect$$$$00000001  mc_w.l(entry2.o)
    0x0800029c   0x0800029c   0x00000004   Code   RO         6087    .ARM.Collect$$$$00000004  mc_w.l(entry5.o)
    0x080002a0   0x080002a0   0x00000000   Code   RO         6089    .ARM.Collect$$$$00000008  mc_w.l(entry7b.o)
    0x080002a0   0x080002a0   0x00000000   Code   RO         6091    .ARM.Collect$$$$0000000A  mc_w.l(entry8b.o)
    0x080002a0   0x080002a0   0x00000008   Code   RO         6092    .ARM.Collect$$$$0000000B  mc_w.l(entry9a.o)
    0x080002a8   0x080002a8   0x00000004   Code   RO         6099    .ARM.Collect$$$$0000000E  mc_w.l(entry12b.o)
    0x080002ac   0x080002ac   0x00000000   Code   RO         6094    .ARM.Collect$$$$0000000F  mc_w.l(entry10a.o)
    0x080002ac   0x080002ac   0x00000000   Code   RO         6096    .ARM.Collect$$$$00000011  mc_w.l(entry11a.o)
    0x080002ac   0x080002ac   0x00000004   Code   RO         6085    .ARM.Collect$$$$00002712  mc_w.l(entry2.o)
    0x080002b0   0x080002b0   0x00000024   Code   RO            4    .text               startup_stm32h750xx.o
    0x080002d4   0x080002d4   0x00000062   Code   RO         5785    .text               mc_w.l(uldiv.o)
    0x08000336   0x08000336   0x00000024   Code   RO         5787    .text               mc_w.l(memcpya.o)
    0x0800035a   0x0800035a   0x00000024   Code   RO         5789    .text               mc_w.l(memseta.o)
    0x0800037e   0x0800037e   0x0000002c   Code   RO         6101    .text               mc_w.l(uidiv.o)
    0x080003aa   0x080003aa   0x0000001e   Code   RO         6103    .text               mc_w.l(llshl.o)
    0x080003c8   0x080003c8   0x00000020   Code   RO         6105    .text               mc_w.l(llushr.o)
    0x080003e8   0x080003e8   0x00000000   Code   RO         6116    .text               mc_w.l(iusefp.o)
    0x080003e8   0x080003e8   0x0000014e   Code   RO         6117    .text               mf_w.l(dadd.o)
    0x08000536   0x08000536   0x000000e4   Code   RO         6119    .text               mf_w.l(dmul.o)
    0x0800061a   0x0800061a   0x000000de   Code   RO         6121    .text               mf_w.l(ddiv.o)
    0x080006f8   0x080006f8   0x00000086   Code   RO         6125    .text               mf_w.l(drem.o)
    0x0800077e   0x0800077e   0x00000030   Code   RO         6127    .text               mf_w.l(dfixul.o)
    0x080007ae   0x080007ae   0x00000002   PAD
    0x080007b0   0x080007b0   0x00000030   Code   RO         6129    .text               mf_w.l(cdrcmple.o)
    0x080007e0   0x080007e0   0x00000024   Code   RO         6141    .text               mc_w.l(init.o)
    0x08000804   0x08000804   0x00000024   Code   RO         6143    .text               mc_w.l(llsshr.o)
    0x08000828   0x08000828   0x000000ba   Code   RO         6153    .text               mf_w.l(depilogue.o)
    0x080008e2   0x080008e2   0x00000002   Code   RO          492    i.BusFault_Handler  stm32h7xx_it.o
    0x080008e4   0x080008e4   0x0000003c   Code   RO          278    i.CAN_senddata      fdcan.o
    0x08000920   0x08000920   0x00000002   Code   RO          493    i.DebugMon_Handler  stm32h7xx_it.o
    0x08000922   0x08000922   0x00000002   PAD
    0x08000924   0x08000924   0x00000020   Code   RO           13    i.Error_Handler     main.o
    0x08000944   0x08000944   0x0000000c   Code   RO          494    i.FDCAN1_IT0_IRQHandler  stm32h7xx_it.o
    0x08000950   0x08000950   0x0000000c   Code   RO          495    i.FDCAN1_IT1_IRQHandler  stm32h7xx_it.o
    0x0800095c   0x0800095c   0x000001c8   Code   RO          782    i.FDCAN_CalcultateRamBlockAddresses  stm32h7xx_hal_fdcan.o
    0x08000b24   0x08000b24   0x00000080   Code   RO          783    i.FDCAN_CopyMessageToRAM  stm32h7xx_hal_fdcan.o
    0x08000ba4   0x08000ba4   0x00000054   Code   RO         5549    i.FOC_V_Init        foc.o
    0x08000bf8   0x08000bf8   0x00000080   Code   RO         5550    i.FOC_zero          foc.o
    0x08000c78   0x08000c78   0x00000360   Code   RO         2025    i.HAL_DMA_Abort     stm32h7xx_hal_dma.o
    0x08000fd8   0x08000fd8   0x00000284   Code   RO         2026    i.HAL_DMA_Abort_IT  stm32h7xx_hal_dma.o
    0x0800125c   0x0800125c   0x00000024   Code   RO         2734    i.HAL_Delay         stm32h7xx_hal.o
    0x08001280   0x08001280   0x00000066   Code   RO          787    i.HAL_FDCAN_AddMessageToTxFifoQ  stm32h7xx_hal_fdcan.o
    0x080012e6   0x080012e6   0x00000002   Code   RO          788    i.HAL_FDCAN_ClockCalibrationCallback  stm32h7xx_hal_fdcan.o
    0x080012e8   0x080012e8   0x00000002   Code   RO          814    i.HAL_FDCAN_ErrorCallback  stm32h7xx_hal_fdcan.o
    0x080012ea   0x080012ea   0x00000002   Code   RO          815    i.HAL_FDCAN_ErrorStatusCallback  stm32h7xx_hal_fdcan.o
    0x080012ec   0x080012ec   0x00000194   Code   RO          826    i.HAL_FDCAN_GetRxMessage  stm32h7xx_hal_fdcan.o
    0x08001480   0x08001480   0x00000002   Code   RO          832    i.HAL_FDCAN_HighPriorityMessageCallback  stm32h7xx_hal_fdcan.o
    0x08001482   0x08001482   0x00000002   PAD
    0x08001484   0x08001484   0x00000320   Code   RO          833    i.HAL_FDCAN_IRQHandler  stm32h7xx_hal_fdcan.o
    0x080017a4   0x080017a4   0x00000244   Code   RO          834    i.HAL_FDCAN_Init    stm32h7xx_hal_fdcan.o
    0x080019e8   0x080019e8   0x000000ac   Code   RO          280    i.HAL_FDCAN_MspInit  fdcan.o
    0x08001a94   0x08001a94   0x00000002   Code   RO          843    i.HAL_FDCAN_RxBufferNewMessageCallback  stm32h7xx_hal_fdcan.o
    0x08001a96   0x08001a96   0x00000002   PAD
    0x08001a98   0x08001a98   0x00000024   Code   RO           14    i.HAL_FDCAN_RxFifo0Callback  main.o
    0x08001abc   0x08001abc   0x00000002   Code   RO          845    i.HAL_FDCAN_RxFifo1Callback  stm32h7xx_hal_fdcan.o
    0x08001abe   0x08001abe   0x00000032   Code   RO          846    i.HAL_FDCAN_Start   stm32h7xx_hal_fdcan.o
    0x08001af0   0x08001af0   0x00000002   Code   RO          868    i.HAL_FDCAN_TT_GlobalTimeCallback  stm32h7xx_hal_fdcan.o
    0x08001af2   0x08001af2   0x00000002   Code   RO          869    i.HAL_FDCAN_TT_ScheduleSyncCallback  stm32h7xx_hal_fdcan.o
    0x08001af4   0x08001af4   0x00000002   Code   RO          874    i.HAL_FDCAN_TT_StopWatchCallback  stm32h7xx_hal_fdcan.o
    0x08001af6   0x08001af6   0x00000002   Code   RO          875    i.HAL_FDCAN_TT_TimeMarkCallback  stm32h7xx_hal_fdcan.o
    0x08001af8   0x08001af8   0x00000002   Code   RO          876    i.HAL_FDCAN_TimeoutOccurredCallback  stm32h7xx_hal_fdcan.o
    0x08001afa   0x08001afa   0x00000002   Code   RO          877    i.HAL_FDCAN_TimestampWraparoundCallback  stm32h7xx_hal_fdcan.o
    0x08001afc   0x08001afc   0x00000002   Code   RO          878    i.HAL_FDCAN_TxBufferAbortCallback  stm32h7xx_hal_fdcan.o
    0x08001afe   0x08001afe   0x00000002   Code   RO          879    i.HAL_FDCAN_TxBufferCompleteCallback  stm32h7xx_hal_fdcan.o
    0x08001b00   0x08001b00   0x00000002   Code   RO          880    i.HAL_FDCAN_TxEventFifoCallback  stm32h7xx_hal_fdcan.o
    0x08001b02   0x08001b02   0x00000002   Code   RO          881    i.HAL_FDCAN_TxFifoEmptyCallback  stm32h7xx_hal_fdcan.o
    0x08001b04   0x08001b04   0x0000022c   Code   RO         1873    i.HAL_GPIO_Init     stm32h7xx_hal_gpio.o
    0x08001d30   0x08001d30   0x0000000a   Code   RO         1877    i.HAL_GPIO_WritePin  stm32h7xx_hal_gpio.o
    0x08001d3a   0x08001d3a   0x00000002   PAD
    0x08001d3c   0x08001d3c   0x0000000c   Code   RO         2745    i.HAL_GetREVID      stm32h7xx_hal.o
    0x08001d48   0x08001d48   0x0000000c   Code   RO         2746    i.HAL_GetTick       stm32h7xx_hal.o
    0x08001d54   0x08001d54   0x00000010   Code   RO         2752    i.HAL_IncTick       stm32h7xx_hal.o
    0x08001d64   0x08001d64   0x0000005c   Code   RO         2753    i.HAL_Init          stm32h7xx_hal.o
    0x08001dc0   0x08001dc0   0x00000040   Code   RO         2754    i.HAL_InitTick      stm32h7xx_hal.o
    0x08001e00   0x08001e00   0x0000005c   Code   RO          642    i.HAL_MPU_ConfigRegion  stm32h7xx_hal_cortex.o
    0x08001e5c   0x08001e5c   0x0000001c   Code   RO          643    i.HAL_MPU_Disable   stm32h7xx_hal_cortex.o
    0x08001e78   0x08001e78   0x00000024   Code   RO          644    i.HAL_MPU_Enable    stm32h7xx_hal_cortex.o
    0x08001e9c   0x08001e9c   0x0000001c   Code   RO          596    i.HAL_MspInit       stm32h7xx_hal_msp.o
    0x08001eb8   0x08001eb8   0x0000001a   Code   RO          647    i.HAL_NVIC_EnableIRQ  stm32h7xx_hal_cortex.o
    0x08001ed2   0x08001ed2   0x00000002   PAD
    0x08001ed4   0x08001ed4   0x00000040   Code   RO          653    i.HAL_NVIC_SetPriority  stm32h7xx_hal_cortex.o
    0x08001f14   0x08001f14   0x00000024   Code   RO          654    i.HAL_NVIC_SetPriorityGrouping  stm32h7xx_hal_cortex.o
    0x08001f38   0x08001f38   0x00000054   Code   RO         2474    i.HAL_PWREx_ConfigSupply  stm32h7xx_hal_pwr_ex.o
    0x08001f8c   0x08001f8c   0x00000024   Code   RO         1516    i.HAL_RCCEx_GetD3PCLK1Freq  stm32h7xx_hal_rcc_ex.o
    0x08001fb0   0x08001fb0   0x00000144   Code   RO         1518    i.HAL_RCCEx_GetPLL2ClockFreq  stm32h7xx_hal_rcc_ex.o
    0x080020f4   0x080020f4   0x00000144   Code   RO         1519    i.HAL_RCCEx_GetPLL3ClockFreq  stm32h7xx_hal_rcc_ex.o
    0x08002238   0x08002238   0x000009ac   Code   RO         1525    i.HAL_RCCEx_PeriphCLKConfig  stm32h7xx_hal_rcc_ex.o
    0x08002be4   0x08002be4   0x0000025c   Code   RO         1401    i.HAL_RCC_ClockConfig  stm32h7xx_hal_rcc.o
    0x08002e40   0x08002e40   0x00000044   Code   RO         1406    i.HAL_RCC_GetHCLKFreq  stm32h7xx_hal_rcc.o
    0x08002e84   0x08002e84   0x00000024   Code   RO         1408    i.HAL_RCC_GetPCLK1Freq  stm32h7xx_hal_rcc.o
    0x08002ea8   0x08002ea8   0x00000024   Code   RO         1409    i.HAL_RCC_GetPCLK2Freq  stm32h7xx_hal_rcc.o
    0x08002ecc   0x08002ecc   0x00000138   Code   RO         1410    i.HAL_RCC_GetSysClockFreq  stm32h7xx_hal_rcc.o
    0x08003004   0x08003004   0x00000582   Code   RO         1413    i.HAL_RCC_OscConfig  stm32h7xx_hal_rcc.o
    0x08003586   0x08003586   0x00000002   PAD
    0x08003588   0x08003588   0x0000017c   Code   RO         3648    i.HAL_SPI_Init      stm32h7xx_hal_spi.o
    0x08003704   0x08003704   0x00000120   Code   RO          337    i.HAL_SPI_MspInit   spi.o
    0x08003824   0x08003824   0x000001d6   Code   RO         3651    i.HAL_SPI_Receive   stm32h7xx_hal_spi.o
    0x080039fa   0x080039fa   0x00000026   Code   RO          658    i.HAL_SYSTICK_Config  stm32h7xx_hal_cortex.o
    0x08003a20   0x08003a20   0x00000002   Code   RO         4682    i.HAL_TIMEx_Break2Callback  stm32h7xx_hal_tim_ex.o
    0x08003a22   0x08003a22   0x00000002   Code   RO         4683    i.HAL_TIMEx_BreakCallback  stm32h7xx_hal_tim_ex.o
    0x08003a24   0x08003a24   0x00000002   Code   RO         4684    i.HAL_TIMEx_CommutCallback  stm32h7xx_hal_tim_ex.o
    0x08003a26   0x08003a26   0x00000002   PAD
    0x08003a28   0x08003a28   0x000000a0   Code   RO         4686    i.HAL_TIMEx_ConfigBreakDeadTime  stm32h7xx_hal_tim_ex.o
    0x08003ac8   0x08003ac8   0x000000a4   Code   RO         4704    i.HAL_TIMEx_MasterConfigSynchronization  stm32h7xx_hal_tim_ex.o
    0x08003b6c   0x08003b6c   0x00000062   Code   RO         3968    i.HAL_TIM_Base_Init  stm32h7xx_hal_tim.o
    0x08003bce   0x08003bce   0x00000002   PAD
    0x08003bd0   0x08003bd0   0x00000058   Code   RO          389    i.HAL_TIM_Base_MspInit  tim.o
    0x08003c28   0x08003c28   0x000000fc   Code   RO         3977    i.HAL_TIM_ConfigClockSource  stm32h7xx_hal_tim.o
    0x08003d24   0x08003d24   0x00000002   Code   RO         4002    i.HAL_TIM_IC_CaptureCallback  stm32h7xx_hal_tim.o
    0x08003d26   0x08003d26   0x00000182   Code   RO         4016    i.HAL_TIM_IRQHandler  stm32h7xx_hal_tim.o
    0x08003ea8   0x08003ea8   0x00000050   Code   RO          390    i.HAL_TIM_MspPostInit  tim.o
    0x08003ef8   0x08003ef8   0x00000002   Code   RO         4019    i.HAL_TIM_OC_DelayElapsedCallback  stm32h7xx_hal_tim.o
    0x08003efa   0x08003efa   0x00000124   Code   RO         4040    i.HAL_TIM_PWM_ConfigChannel  stm32h7xx_hal_tim.o
    0x0800401e   0x0800401e   0x00000062   Code   RO         4043    i.HAL_TIM_PWM_Init  stm32h7xx_hal_tim.o
    0x08004080   0x08004080   0x00000002   Code   RO         4045    i.HAL_TIM_PWM_MspInit  stm32h7xx_hal_tim.o
    0x08004082   0x08004082   0x00000002   Code   RO         4046    i.HAL_TIM_PWM_PulseFinishedCallback  stm32h7xx_hal_tim.o
    0x08004084   0x08004084   0x00000110   Code   RO         4048    i.HAL_TIM_PWM_Start  stm32h7xx_hal_tim.o
    0x08004194   0x08004194   0x0000001c   Code   RO           15    i.HAL_TIM_PeriodElapsedCallback  main.o
    0x080041b0   0x080041b0   0x00000002   Code   RO         4059    i.HAL_TIM_TriggerCallback  stm32h7xx_hal_tim.o
    0x080041b2   0x080041b2   0x00000040   Code   RO         5393    i.HAL_UARTEx_DisableFifoMode  stm32h7xx_hal_uart_ex.o
    0x080041f2   0x080041f2   0x00000002   Code   RO         4982    i.HAL_UARTEx_RxEventCallback  stm32h7xx_hal_uart.o
    0x080041f4   0x080041f4   0x00000002   Code   RO         5401    i.HAL_UARTEx_RxFifoFullCallback  stm32h7xx_hal_uart_ex.o
    0x080041f6   0x080041f6   0x0000004c   Code   RO         5402    i.HAL_UARTEx_SetRxFifoThreshold  stm32h7xx_hal_uart_ex.o
    0x08004242   0x08004242   0x0000004c   Code   RO         5403    i.HAL_UARTEx_SetTxFifoThreshold  stm32h7xx_hal_uart_ex.o
    0x0800428e   0x0800428e   0x00000002   Code   RO         5405    i.HAL_UARTEx_TxFifoEmptyCallback  stm32h7xx_hal_uart_ex.o
    0x08004290   0x08004290   0x00000002   Code   RO         5406    i.HAL_UARTEx_WakeupCallback  stm32h7xx_hal_uart_ex.o
    0x08004292   0x08004292   0x00000002   Code   RO         4998    i.HAL_UART_ErrorCallback  stm32h7xx_hal_uart.o
    0x08004294   0x08004294   0x00000388   Code   RO         5001    i.HAL_UART_IRQHandler  stm32h7xx_hal_uart.o
    0x0800461c   0x0800461c   0x0000006a   Code   RO         5002    i.HAL_UART_Init     stm32h7xx_hal_uart.o
    0x08004686   0x08004686   0x00000002   PAD
    0x08004688   0x08004688   0x00000094   Code   RO          447    i.HAL_UART_MspInit  usart.o
    0x0800471c   0x0800471c   0x000000b0   Code   RO         5011    i.HAL_UART_Transmit  stm32h7xx_hal_uart.o
    0x080047cc   0x080047cc   0x00000002   Code   RO         5014    i.HAL_UART_TxCpltCallback  stm32h7xx_hal_uart.o
    0x080047ce   0x080047ce   0x00000002   Code   RO          496    i.HardFault_Handler  stm32h7xx_it.o
    0x080047d0   0x080047d0   0x00000030   Code   RO         5672    i.MT6701_Get_Angle  mt6701.o
    0x08004800   0x08004800   0x00000068   Code   RO          281    i.MX_FDCAN1_Init    fdcan.o
    0x08004868   0x08004868   0x000000e0   Code   RO          246    i.MX_GPIO_Init      gpio.o
    0x08004948   0x08004948   0x00000060   Code   RO          338    i.MX_SPI1_Init      spi.o
    0x080049a8   0x080049a8   0x00000060   Code   RO          339    i.MX_SPI2_Init      spi.o
    0x08004a08   0x08004a08   0x000000f4   Code   RO          391    i.MX_TIM1_Init      tim.o
    0x08004afc   0x08004afc   0x00000048   Code   RO          392    i.MX_TIM6_Init      tim.o
    0x08004b44   0x08004b44   0x00000068   Code   RO          448    i.MX_USART2_UART_Init  usart.o
    0x08004bac   0x08004bac   0x00000002   Code   RO          497    i.MemManage_Handler  stm32h7xx_it.o
    0x08004bae   0x08004bae   0x00000002   Code   RO          498    i.NMI_Handler       stm32h7xx_it.o
    0x08004bb0   0x08004bb0   0x00000002   Code   RO          499    i.PendSV_Handler    stm32h7xx_it.o
    0x08004bb2   0x08004bb2   0x0000002a   Code   RO           17    i.PeriphCommonClock_Config  main.o
    0x08004bdc   0x08004bdc   0x00000120   Code   RO         1528    i.RCCEx_PLL2_Config  stm32h7xx_hal_rcc_ex.o
    0x08004cfc   0x08004cfc   0x00000120   Code   RO         1529    i.RCCEx_PLL3_Config  stm32h7xx_hal_rcc_ex.o
    0x08004e1c   0x08004e1c   0x00000010   Code   RO          597    i.RS485_Dir_Receive  stm32h7xx_hal_msp.o
    0x08004e2c   0x08004e2c   0x00000010   Code   RO          598    i.RS485_Dir_Transmit  stm32h7xx_hal_msp.o
    0x08004e3c   0x08004e3c   0x000000bc   Code   RO         3668    i.SPI_CloseTransfer  stm32h7xx_hal_spi.o
    0x08004ef8   0x08004ef8   0x00000002   Code   RO          500    i.SVC_Handler       stm32h7xx_it.o
    0x08004efa   0x08004efa   0x00000004   Code   RO          501    i.SysTick_Handler   stm32h7xx_it.o
    0x08004efe   0x08004efe   0x00000002   PAD
    0x08004f00   0x08004f00   0x000000dc   Code   RO           18    i.SystemClock_Config  main.o
    0x08004fdc   0x08004fdc   0x00000140   Code   RO         5511    i.SystemCoreClockUpdate  system_stm32h7xx.o
    0x0800511c   0x0800511c   0x000000dc   Code   RO         5512    i.SystemInit        system_stm32h7xx.o
    0x080051f8   0x080051f8   0x0000000c   Code   RO          502    i.TIM6_DAC_IRQHandler  stm32h7xx_it.o
    0x08005204   0x08005204   0x000000c4   Code   RO         4061    i.TIM_Base_SetConfig  stm32h7xx_hal_tim.o
    0x080052c8   0x080052c8   0x0000001a   Code   RO         4062    i.TIM_CCxChannelCmd  stm32h7xx_hal_tim.o
    0x080052e2   0x080052e2   0x00000012   Code   RO         4072    i.TIM_ETR_SetConfig  stm32h7xx_hal_tim.o
    0x080052f4   0x080052f4   0x00000014   Code   RO         4073    i.TIM_ITRx_SetConfig  stm32h7xx_hal_tim.o
    0x08005308   0x08005308   0x000000a8   Code   RO         4074    i.TIM_OC1_SetConfig  stm32h7xx_hal_tim.o
    0x080053b0   0x080053b0   0x00000098   Code   RO         4075    i.TIM_OC2_SetConfig  stm32h7xx_hal_tim.o
    0x08005448   0x08005448   0x00000098   Code   RO         4076    i.TIM_OC3_SetConfig  stm32h7xx_hal_tim.o
    0x080054e0   0x080054e0   0x00000078   Code   RO         4077    i.TIM_OC4_SetConfig  stm32h7xx_hal_tim.o
    0x08005558   0x08005558   0x00000074   Code   RO         4078    i.TIM_OC5_SetConfig  stm32h7xx_hal_tim.o
    0x080055cc   0x080055cc   0x00000074   Code   RO         4079    i.TIM_OC6_SetConfig  stm32h7xx_hal_tim.o
    0x08005640   0x08005640   0x00000022   Code   RO         4081    i.TIM_TI1_ConfigInputStage  stm32h7xx_hal_tim.o
    0x08005662   0x08005662   0x00000024   Code   RO         4083    i.TIM_TI2_ConfigInputStage  stm32h7xx_hal_tim.o
    0x08005686   0x08005686   0x00000002   PAD
    0x08005688   0x08005688   0x00000040   Code   RO         5674    i.Torque_Read       mt6701.o
    0x080056c8   0x080056c8   0x00000044   Code   RO         5407    i.UARTEx_SetNbDataToProcess  stm32h7xx_hal_uart_ex.o
    0x0800570c   0x0800570c   0x000000c8   Code   RO         5016    i.UART_AdvFeatureConfig  stm32h7xx_hal_uart.o
    0x080057d4   0x080057d4   0x000000aa   Code   RO         5017    i.UART_CheckIdleState  stm32h7xx_hal_uart.o
    0x0800587e   0x0800587e   0x00000014   Code   RO         5018    i.UART_DMAAbortOnError  stm32h7xx_hal_uart.o
    0x08005892   0x08005892   0x00000002   PAD
    0x08005894   0x08005894   0x00000054   Code   RO         5028    i.UART_EndRxTransfer  stm32h7xx_hal_uart.o
    0x080058e8   0x080058e8   0x000003ac   Code   RO         5034    i.UART_SetConfig    stm32h7xx_hal_uart.o
    0x08005c94   0x08005c94   0x0000008c   Code   RO         5041    i.UART_WaitOnFlagUntilTimeout  stm32h7xx_hal_uart.o
    0x08005d20   0x08005d20   0x0000000c   Code   RO          503    i.USART2_IRQHandler  stm32h7xx_it.o
    0x08005d2c   0x08005d2c   0x00000002   Code   RO          504    i.UsageFault_Handler  stm32h7xx_it.o
    0x08005d2e   0x08005d2e   0x00000002   PAD
    0x08005d30   0x08005d30   0x00000020   Code   RO         6028    i.__0printf         mc_w.l(printfa.o)
    0x08005d50   0x08005d50   0x00000030   Code   RO         6137    i.__ARM_fpclassify  m_wv.l(fpclassify.o)
    0x08005d80   0x08005d80   0x00000022   Code   RO          660    i.__NVIC_SetPriority  stm32h7xx_hal_cortex.o
    0x08005da2   0x08005da2   0x00000006   PAD
    0x08005da8   0x08005da8   0x000000b0   Code   RO         5724    i.__hardfp_cos      m_wv.l(cos.o)
    0x08005e58   0x08005e58   0x000000fc   Code   RO         5742    i.__hardfp_fmod     m_wv.l(fmod.o)
    0x08005f54   0x08005f54   0x00000004   PAD
    0x08005f58   0x08005f58   0x000000b0   Code   RO         5758    i.__hardfp_sin      m_wv.l(sin.o)
    0x08006008   0x08006008   0x00000066   Code   RO         5770    i.__hardfp_sqrt     m_wv.l(sqrt.o)
    0x0800606e   0x0800606e   0x00000002   PAD
    0x08006070   0x08006070   0x00000310   Code   RO         6073    i.__ieee754_rem_pio2  m_wv.l(rred.o)
    0x08006380   0x08006380   0x000000e0   Code   RO         6056    i.__kernel_cos      m_wv.l(cos_i.o)
    0x08006460   0x08006460   0x00000070   Code   RO         6139    i.__kernel_poly     m_wv.l(poly.o)
    0x080064d0   0x080064d0   0x000000a8   Code   RO         6078    i.__kernel_sin      m_wv.l(sin_i.o)
    0x08006578   0x08006578   0x00000018   Code   RO         6062    i.__mathlib_dbl_invalid  m_wv.l(dunder.o)
    0x08006590   0x08006590   0x00000018   Code   RO         6065    i.__mathlib_dbl_underflow  m_wv.l(dunder.o)
    0x080065a8   0x080065a8   0x0000000e   Code   RO         6166    i.__scatterload_copy  mc_w.l(handlers.o)
    0x080065b6   0x080065b6   0x00000002   Code   RO         6167    i.__scatterload_null  mc_w.l(handlers.o)
    0x080065b8   0x080065b8   0x0000000e   Code   RO         6168    i.__scatterload_zeroinit  mc_w.l(handlers.o)
    0x080065c6   0x080065c6   0x00000002   PAD
    0x080065c8   0x080065c8   0x0000000c   Code   RO         6109    i.__set_errno       mc_w.l(errno.o)
    0x080065d4   0x080065d4   0x00000184   Code   RO         6035    i._fp_digits        mc_w.l(printfa.o)
    0x08006758   0x08006758   0x000006b4   Code   RO         6036    i._printf_core      mc_w.l(printfa.o)
    0x08006e0c   0x08006e0c   0x00000024   Code   RO         6037    i._printf_post_padding  mc_w.l(printfa.o)
    0x08006e30   0x08006e30   0x0000002e   Code   RO         6038    i._printf_pre_padding  mc_w.l(printfa.o)
    0x08006e5e   0x08006e5e   0x00000002   PAD
    0x08006e60   0x08006e60   0x0000001c   Code   RO         5555    i.electricalAngle   foc.o
    0x08006e7c   0x08006e7c   0x00000018   Code   RO         6133    i.fabs              m_wv.l(fabs.o)
    0x08006e94   0x08006e94   0x00000030   Code   RO          599    i.fputc             stm32h7xx_hal_msp.o
    0x08006ec4   0x08006ec4   0x000000f8   Code   RO           20    i.main              main.o
    0x08006fbc   0x08006fbc   0x00000034   Code   RO         5675    i.normalizeAngle    mt6701.o
    0x08006ff0   0x08006ff0   0x00000120   Code   RO         5559    i.setPwm            foc.o
    0x08007110   0x08007110   0x00000108   Code   RO         5561    i.setTorque         foc.o
    0x08007218   0x08007218   0x0000005c   Data   RO          882    .constdata          stm32h7xx_hal_fdcan.o
    0x08007274   0x08007274   0x00000018   Data   RO         5042    .constdata          stm32h7xx_hal_uart.o
    0x0800728c   0x0800728c   0x00000010   Data   RO         5408    .constdata          stm32h7xx_hal_uart_ex.o
    0x0800729c   0x0800729c   0x00000010   Data   RO         5513    .constdata          system_stm32h7xx.o
    0x080072ac   0x080072ac   0x00000004   PAD
    0x080072b0   0x080072b0   0x00000030   Data   RO         6057    .constdata          m_wv.l(cos_i.o)
    0x080072e0   0x080072e0   0x000000c8   Data   RO         6075    .constdata          m_wv.l(rred.o)
    0x080073a8   0x080073a8   0x00000028   Data   RO         6079    .constdata          m_wv.l(sin_i.o)
    0x080073d0   0x080073d0   0x00000020   Data   RO         6164    Region$$Table       anon$$obj.o


    Execution Region RW_IRAM1 (Exec base: 0x20000000, Load base: 0x080073f0, Size: 0x00000000, Max: 0x00020000, ABSOLUTE)

    **** No section assigned to this execution region ****


    Execution Region RW_IRAM2 (Exec base: 0x24000000, Load base: 0x080073f0, Size: 0x000007e8, Max: 0x00080000, ABSOLUTE)

    Exec Addr    Load Addr    Size         Type   Attr      Idx    E Section Name        Object

    0x24000000   0x080073f0   0x00000018   Data   RW           26    .data               main.o
    0x24000018   0x08007408   0x0000000c   Data   RW         2775    .data               stm32h7xx_hal.o
    0x24000024   0x08007414   0x00000008   Data   RW         5514    .data               system_stm32h7xx.o
    0x2400002c   0x0800741c   0x00000038   Data   RW         5564    .data               foc.o
    0x24000064   0x08007454   0x00000010   Data   RW         5676    .data               mt6701.o
    0x24000074   0x08007464   0x00000004   Data   RW         6100    .data               mc_w.l(stdout.o)
    0x24000078   0x08007468   0x00000004   Data   RW         6110    .data               mc_w.l(errno.o)
    0x2400007c        -       0x00000068   Zero   RW           21    .bss                main.o
    0x240000e4        -       0x00000024   Zero   RW           23    .bss                main.o
    0x24000108        -       0x000000a0   Zero   RW          283    .bss                fdcan.o
    0x240001a8        -       0x00000110   Zero   RW          340    .bss                spi.o
    0x240002b8        -       0x00000098   Zero   RW          393    .bss                tim.o
    0x24000350        -       0x00000094   Zero   RW          449    .bss                usart.o
    0x240003e4   0x0800746c   0x00000004   PAD
    0x240003e8        -       0x00000400   Zero   RW            1    STACK               startup_stm32h750xx.o


==============================================================================

Image component sizes


      Code (inc. data)   RO Data    RW Data    ZI Data      Debug   Object Name

       336         30          0          0        160       2518   fdcan.o
       792        104          0         56          0       4180   foc.o
       224         18          0          0          0       1131   gpio.o
       606         66          0         24        140    1356971   main.o
       164         36          0         16          0       2599   mt6701.o
       480         40          0          0        272       2694   spi.o
        36          8        664          0       1024        832   startup_stm32h750xx.o
       232         44          0         12          0      23404   stm32h7xx_hal.o
       354         28          0          0          0      41873   stm32h7xx_hal_cortex.o
      1508         70          0          0          0       3907   stm32h7xx_hal_dma.o
      2552         40         92          0          0      19531   stm32h7xx_hal_fdcan.o
       566         50          0          0          0       2304   stm32h7xx_hal_gpio.o
       108         22          0          0          0       3852   stm32h7xx_hal_msp.o
        84          6          0          0          0        785   stm32h7xx_hal_pwr_ex.o
      2466        102          0          0          0       7148   stm32h7xx_hal_rcc.o
      3736        118          0          0          0       7869   stm32h7xx_hal_rcc_ex.o
      1038         14          0          0          0       3869   stm32h7xx_hal_spi.o
      2562        242          0          0          0      17938   stm32h7xx_hal_tim.o
       330         40          0          0          0       4140   stm32h7xx_hal_tim_ex.o
      2746        138         24          0          0      31160   stm32h7xx_hal_uart.o
       290          6         16          0          0       5486   stm32h7xx_hal_uart_ex.o
        68         24          0          0          0       6004   stm32h7xx_it.o
       540         80         16          8          0       2494   system_stm32h7xx.o
       484         40          0          0        152       3265   tim.o
       252         22          0          0        148       1926   usart.o

    ----------------------------------------------------------------------
     22586       1388        848        116       1900    1557880   Object Totals
         0          0         32          0          0          0   (incl. Generated)
        32          0          4          0          4          0   (incl. Padding)

    ----------------------------------------------------------------------

      Code (inc. data)   RO Data    RW Data    ZI Data      Debug   Library Member Name

       176         18          0          0          0        156   cos.o
       224         42         48          0          0        184   cos_i.o
        48         28          0          0          0        232   dunder.o
        24          0          0          0          0        124   fabs.o
       252          6          0          0          0        144   fmod.o
        48          0          0          0          0        124   fpclassify.o
       112          0          0          0          0        116   poly.o
       784        138        200          0          0        172   rred.o
       176         18          0          0          0        160   sin.o
       168         24         40          0          0        196   sin_i.o
       102          0          0          0          0        140   sqrt.o
         0          0          0          0          0          0   entry.o
         0          0          0          0          0          0   entry10a.o
         0          0          0          0          0          0   entry11a.o
         4          0          0          0          0          0   entry12b.o
         8          4          0          0          0          0   entry2.o
         4          0          0          0          0          0   entry5.o
         0          0          0          0          0          0   entry7b.o
         0          0          0          0          0          0   entry8b.o
         8          4          0          0          0          0   entry9a.o
        12          6          0          4          0         68   errno.o
        30          0          0          0          0          0   handlers.o
        36          8          0          0          0         68   init.o
         0          0          0          0          0          0   iusefp.o
        30          0          0          0          0         68   llshl.o
        36          0          0          0          0         68   llsshr.o
        32          0          0          0          0         68   llushr.o
        36          0          0          0          0         68   memcpya.o
        36          0          0          0          0        108   memseta.o
      2218         90          0          0          0        464   printfa.o
         0          0          0          4          0          0   stdout.o
        44          0          0          0          0         80   uidiv.o
        98          0          0          0          0         92   uldiv.o
        48          0          0          0          0         68   cdrcmple.o
       334          0          0          0          0        148   dadd.o
       222          0          0          0          0        100   ddiv.o
       186          0          0          0          0        176   depilogue.o
        48          0          0          0          0         68   dfixul.o
       228          0          0          0          0         96   dmul.o
       134          0          0          0          0         96   drem.o

    ----------------------------------------------------------------------
      5958        390        288          8          0       3652   Library Totals
        12          4          0          0          0          0   (incl. Padding)

    ----------------------------------------------------------------------

      Code (inc. data)   RO Data    RW Data    ZI Data      Debug   Library Name

      2114        274        288          0          0       1748   m_wv.l
      2632        112          0          8          0       1152   mc_w.l
      1200          0          0          0          0        752   mf_w.l

    ----------------------------------------------------------------------
      5958        390        288          8          0       3652   Library Totals

    ----------------------------------------------------------------------

==============================================================================


      Code (inc. data)   RO Data    RW Data    ZI Data      Debug   

     28544       1778       1136        124       1900    1545700   Grand Totals
     28544       1778       1136        124       1900    1545700   ELF Image Totals
     28544       1778       1136        124          0          0   ROM Totals

==============================================================================

    Total RO  Size (Code + RO Data)                29680 (  28.98kB)
    Total RW  Size (RW Data + ZI Data)              2024 (   1.98kB)
    Total ROM Size (Code + RO Data + RW Data)      29804 (  29.11kB)

==============================================================================

